;  LST file generated by mikroListExporter - v.2.0 
; Date/Time: 19/09/2026 09:03:41
;----------------------------------------------

;Address Opcode 	ASM
0x0000	0x2849      	GOTO       73
_Delay_500us:
;__Lib_Delays.c,27 :: 		void Delay_500us() {
;__Lib_Delays.c,28 :: 		Delay_us(498);
0x0003	0x3002      	MOVLW      2
0x0004	0x1283      	BCF        STATUS, 5
0x0005	0x1303      	BCF        STATUS, 6
0x0006	0x00FC      	MOVWF      R12
0x0007	0x3049      	MOVLW      73
0x0008	0x00FD      	MOVWF      R13
L_Delay_500us4:
0x0009	0x0BFD      	DECFSZ     R13, 1
0x000A	0x2809      	GOTO       L_Delay_500us4
0x000B	0x0BFC      	DECFSZ     R12, 1
0x000C	0x2809      	GOTO       L_Delay_500us4
0x000D	0x0000      	NOP
0x000E	0x0000      	NOP
;__Lib_Delays.c,29 :: 		}
L_end_Delay_500us:
0x000F	0x0008      	RETURN
; end of _Delay_500us
_Button:
;__Lib_Button.c,6 :: 		
;__Lib_Button.c,8 :: 		
0x0010	0x1283      	BCF        STATUS, 5
0x0011	0x1303      	BCF        STATUS, 6
0x0012	0x01A8      	CLRF       Button_rslt_L0
;__Lib_Button.c,11 :: 		
0x0013	0x0824      	MOVF       FARG_Button_pin, 0
0x0014	0x00F1      	MOVWF      R1
0x0015	0x3001      	MOVLW      1
0x0016	0x00F0      	MOVWF      R0
0x0017	0x0871      	MOVF       R1, 0
L__Button5:
0x0018	0x1903      	BTFSC      STATUS, 2
0x0019	0x281E      	GOTO       L__Button6
0x001A	0x0DF0      	RLF        R0, 1
0x001B	0x1070      	BCF        R0, 0
0x001C	0x3EFF      	ADDLW      255
0x001D	0x2818      	GOTO       L__Button5
L__Button6:
0x001E	0x0870      	MOVF       R0, 0
0x001F	0x00A7      	MOVWF      Button_pMask_L0
;__Lib_Button.c,13 :: 		
0x0020	0x0823      	MOVF       FARG_Button_port, 0
0x0021	0x0084      	MOVWF      FSR
0x0022	0x0870      	MOVF       R0, 0
0x0023	0x0500      	ANDWF      INDF, 0
0x0024	0x00F1      	MOVWF      R1
0x0025	0x0871      	MOVF       R1, 0
0x0026	0x3001      	MOVLW      1
0x0027	0x1D03      	BTFSS      STATUS, 2
0x0028	0x3000      	MOVLW      0
0x0029	0x00F0      	MOVWF      R0
0x002A	0x0826      	MOVF       FARG_Button_active_state, 0
0x002B	0x06F0      	XORWF      R0, 1
0x002C	0x1903      	BTFSC      STATUS, 2
0x002D	0x2846      	GOTO       L_Button0
;__Lib_Button.c,15 :: 		
L_Button1:
0x002E	0x0825      	MOVF       FARG_Button_time_ms, 0
0x002F	0x3C00      	SUBLW      0
0x0030	0x1803      	BTFSC      STATUS, 0
0x0031	0x2836      	GOTO       L_Button2
;__Lib_Button.c,16 :: 		
0x0032	0x2003      	CALL       _Delay_500us
;__Lib_Button.c,17 :: 		
0x0033	0x2003      	CALL       _Delay_500us
;__Lib_Button.c,18 :: 		
0x0034	0x03A5      	DECF       FARG_Button_time_ms, 1
;__Lib_Button.c,19 :: 		
0x0035	0x282E      	GOTO       L_Button1
L_Button2:
;__Lib_Button.c,21 :: 		
0x0036	0x0823      	MOVF       FARG_Button_port, 0
0x0037	0x0084      	MOVWF      FSR
0x0038	0x0827      	MOVF       Button_pMask_L0, 0
0x0039	0x0500      	ANDWF      INDF, 0
0x003A	0x00F1      	MOVWF      R1
0x003B	0x0871      	MOVF       R1, 0
0x003C	0x3001      	MOVLW      1
0x003D	0x1D03      	BTFSS      STATUS, 2
0x003E	0x3000      	MOVLW      0
0x003F	0x00F0      	MOVWF      R0
0x0040	0x0826      	MOVF       FARG_Button_active_state, 0
0x0041	0x06F0      	XORWF      R0, 1
0x0042	0x1903      	BTFSC      STATUS, 2
0x0043	0x2846      	GOTO       L_Button3
;__Lib_Button.c,22 :: 		
0x0044	0x30FF      	MOVLW      255
0x0045	0x00A8      	MOVWF      Button_rslt_L0
L_Button3:
;__Lib_Button.c,23 :: 		
L_Button0:
;__Lib_Button.c,25 :: 		
0x0046	0x0828      	MOVF       Button_rslt_L0, 0
0x0047	0x00F0      	MOVWF      R0
;__Lib_Button.c,26 :: 		
L_end_Button:
0x0048	0x0008      	RETURN
; end of _Button
_main:
;inputButton.c,8 :: 		void main() {
;inputButton.c,11 :: 		TRISB.F0 = 1;
0x0049	0x1683      	BSF        STATUS, 5
0x004A	0x1303      	BCF        STATUS, 6
0x004B	0x1406      	BSF        TRISB, 0
;inputButton.c,12 :: 		TRISB.F1 = 1;
0x004C	0x1486      	BSF        TRISB, 1
;inputButton.c,14 :: 		TRISD.F6 = 0;
0x004D	0x1308      	BCF        TRISD, 6
;inputButton.c,15 :: 		TRISD.F7 = 0;
0x004E	0x1388      	BCF        TRISD, 7
;inputButton.c,16 :: 		led1 = 0x00;
0x004F	0x1283      	BCF        STATUS, 5
0x0050	0x1308      	BCF        PORTD, 6
;inputButton.c,17 :: 		led2 = 0x00;
0x0051	0x1388      	BCF        PORTD, 7
;inputButton.c,20 :: 		for(;;){
L_main0:
;inputButton.c,21 :: 		if(bot1 && (flegB1 == 0)){
0x0052	0x3006      	MOVLW      PORTB
0x0053	0x00A3      	MOVWF      FARG_Button_port
0x0054	0x01A4      	CLRF       FARG_Button_pin
0x0055	0x3032      	MOVLW      50
0x0056	0x00A5      	MOVWF      FARG_Button_time_ms
0x0057	0x3001      	MOVLW      1
0x0058	0x00A6      	MOVWF      FARG_Button_active_state
0x0059	0x2010      	CALL       _Button
0x005A	0x0870      	MOVF       R0, 0
0x005B	0x1903      	BTFSC      STATUS, 2
0x005C	0x2860      	GOTO       L_main5
0x005D	0x1822      	BTFSC      main_flegB1_L0, BitPos(main_flegB1_L0+0)
0x005E	0x2860      	GOTO       L_main5
L__main18:
;inputButton.c,23 :: 		flegB1 = 1;
0x005F	0x1422      	BSF        main_flegB1_L0, BitPos(main_flegB1_L0+0)
;inputButton.c,24 :: 		}
L_main5:
;inputButton.c,25 :: 		if(!bot1 && (flegB1 == 1)){
0x0060	0x3006      	MOVLW      PORTB
0x0061	0x00A3      	MOVWF      FARG_Button_port
0x0062	0x01A4      	CLRF       FARG_Button_pin
0x0063	0x3032      	MOVLW      50
0x0064	0x00A5      	MOVWF      FARG_Button_time_ms
0x0065	0x3001      	MOVLW      1
0x0066	0x00A6      	MOVWF      FARG_Button_active_state
0x0067	0x2010      	CALL       _Button
0x0068	0x0870      	MOVF       R0, 0
0x0069	0x1D03      	BTFSS      STATUS, 2
0x006A	0x2870      	GOTO       L_main8
0x006B	0x1C22      	BTFSS      main_flegB1_L0, BitPos(main_flegB1_L0+0)
0x006C	0x2870      	GOTO       L_main8
L__main17:
;inputButton.c,26 :: 		led1 = ~led1;//invesão do estado
0x006D	0x3040      	MOVLW      64
0x006E	0x0688      	XORWF      PORTD, 1
;inputButton.c,27 :: 		flegB1 = 0;
0x006F	0x1022      	BCF        main_flegB1_L0, BitPos(main_flegB1_L0+0)
;inputButton.c,28 :: 		}
L_main8:
;inputButton.c,30 :: 		if(bot2 && (flegB2 == 0)){
0x0070	0x3006      	MOVLW      PORTB
0x0071	0x00A3      	MOVWF      FARG_Button_port
0x0072	0x3001      	MOVLW      1
0x0073	0x00A4      	MOVWF      FARG_Button_pin
0x0074	0x3032      	MOVLW      50
0x0075	0x00A5      	MOVWF      FARG_Button_time_ms
0x0076	0x01A6      	CLRF       FARG_Button_active_state
0x0077	0x2010      	CALL       _Button
0x0078	0x0870      	MOVF       R0, 0
0x0079	0x1903      	BTFSC      STATUS, 2
0x007A	0x287E      	GOTO       L_main11
0x007B	0x18A2      	BTFSC      main_flegB2_L0, BitPos(main_flegB2_L0+0)
0x007C	0x287E      	GOTO       L_main11
L__main16:
;inputButton.c,32 :: 		flegB2 = 1;
0x007D	0x14A2      	BSF        main_flegB2_L0, BitPos(main_flegB2_L0+0)
;inputButton.c,33 :: 		}
L_main11:
;inputButton.c,34 :: 		if(!bot2 && (flegB2 == 1)){
0x007E	0x3006      	MOVLW      PORTB
0x007F	0x00A3      	MOVWF      FARG_Button_port
0x0080	0x3001      	MOVLW      1
0x0081	0x00A4      	MOVWF      FARG_Button_pin
0x0082	0x3032      	MOVLW      50
0x0083	0x00A5      	MOVWF      FARG_Button_time_ms
0x0084	0x01A6      	CLRF       FARG_Button_active_state
0x0085	0x2010      	CALL       _Button
0x0086	0x0870      	MOVF       R0, 0
0x0087	0x1D03      	BTFSS      STATUS, 2
0x0088	0x288E      	GOTO       L_main14
0x0089	0x1CA2      	BTFSS      main_flegB2_L0, BitPos(main_flegB2_L0+0)
0x008A	0x288E      	GOTO       L_main14
L__main15:
;inputButton.c,35 :: 		led2 = ~led2;  //invesão do estado
0x008B	0x3080      	MOVLW      128
0x008C	0x0688      	XORWF      PORTD, 1
;inputButton.c,36 :: 		flegB2 = 0;
0x008D	0x10A2      	BCF        main_flegB2_L0, BitPos(main_flegB2_L0+0)
;inputButton.c,37 :: 		}
L_main14:
;inputButton.c,39 :: 		}
0x008E	0x2852      	GOTO       L_main0
;inputButton.c,40 :: 		}
L_end_main:
0x008F	0x288F      	GOTO       $+0
; end of _main
Symbol List:
//** Routines locations **
//ADDRESS    SIZE    PROCEDURE
//----------------------------------------------
0x0003      [13]    _Delay_500us
0x0010      [57]    _Button
0x0049      [71]    _main
//** Variables locations ** 
//ADDRESS    SIZE    VARIABLE
//----------------------------------------------
0x0000       [1]    INDF
0x0003       [1]    STATUS
0x0004       [1]    FSR
0x0006       [1]    PORTB
0x0008       [1]    PORTD
0x000A       [1]    PCLATH
0x0020       [2]    ___DoICPAddr
0x0022       [0]    main_flegB1_L0
0x0022       [0]    main_flegB2_L0
0x0023       [1]    FARG_Button_port
0x0024       [1]    FARG_Button_pin
0x0025       [1]    FARG_Button_time_ms
0x0026       [1]    FARG_Button_active_state
0x0027       [1]    Button_pMask_L0
0x0028       [1]    Button_rslt_L0
0x0070       [1]    R0
0x0071       [1]    R1
0x0072       [1]    R2
0x0073       [1]    R3
0x0074       [1]    R4
0x0075       [1]    R5
0x0076       [1]    R6
0x0077       [1]    R7
0x0078       [1]    R8
0x0079       [1]    R9
0x007A       [1]    R10
0x007B       [1]    R11
0x007C       [1]    R12
0x007D       [1]    R13
0x007E       [1]    R14
0x007F       [1]    R15
0x0086       [1]    TRISB
0x0088       [1]    TRISD
