;  LST file generated by mikroListExporter - v.2.0 
; Date/Time: 19/09/2026 23:29:16
;----------------------------------------------

;Address Opcode 	ASM
0x0000	0x2938      	GOTO       312
_Delay_50us:
;__Lib_Delays.c,19 :: 		void Delay_50us() {
;__Lib_Delays.c,20 :: 		Delay_us(50);
0x0003	0x3021      	MOVLW      33
0x0004	0x1283      	BCF        STATUS, 5
0x0005	0x1303      	BCF        STATUS, 6
0x0006	0x00FD      	MOVWF      R13
L_Delay_50us2:
0x0007	0x0BFD      	DECFSZ     R13, 1
0x0008	0x2807      	GOTO       L_Delay_50us2
;__Lib_Delays.c,21 :: 		}
L_end_Delay_50us:
0x0009	0x0008      	RETURN
; end of _Delay_50us
_Delay_5500us:
;__Lib_Delays.c,31 :: 		void Delay_5500us() {
;__Lib_Delays.c,32 :: 		Delay_us(5500);
0x000A	0x300F      	MOVLW      15
0x000B	0x1283      	BCF        STATUS, 5
0x000C	0x1303      	BCF        STATUS, 6
0x000D	0x00FC      	MOVWF      R12
0x000E	0x3047      	MOVLW      71
0x000F	0x00FD      	MOVWF      R13
L_Delay_5500us5:
0x0010	0x0BFD      	DECFSZ     R13, 1
0x0011	0x2810      	GOTO       L_Delay_5500us5
0x0012	0x0BFC      	DECFSZ     R12, 1
0x0013	0x2810      	GOTO       L_Delay_5500us5
0x0014	0x0000      	NOP
0x0015	0x0000      	NOP
;__Lib_Delays.c,33 :: 		}
L_end_Delay_5500us:
0x0016	0x0008      	RETURN
; end of _Delay_5500us
_Delay_1us:
;__Lib_Delays.c,7 :: 		void Delay_1us() {
;__Lib_Delays.c,8 :: 		Delay_us(1);
0x0017	0x0000      	NOP
0x0018	0x0000      	NOP
;__Lib_Delays.c,9 :: 		}
L_end_Delay_1us:
0x0019	0x0008      	RETURN
; end of _Delay_1us
_Lcd_Cmd:
;__Lib_Lcd.c,18 :: 		
;__Lib_Lcd.c,20 :: 		
0x001A	0x1283      	BCF        STATUS, 5
0x001B	0x1303      	BCF        STATUS, 6
0x001C	0x1BDD      	BTFSC      FARG_Lcd_Cmd_out_char, 7
0x001D	0x2820      	GOTO       L__Lcd_Cmd21
0x001E	0x1388      	BCF        LCD_D7, BitPos(LCD_D7+0)
0x001F	0x2821      	GOTO       L__Lcd_Cmd22
L__Lcd_Cmd21:
0x0020	0x1788      	BSF        LCD_D7, BitPos(LCD_D7+0)
L__Lcd_Cmd22:
;__Lib_Lcd.c,21 :: 		
0x0021	0x1B5D      	BTFSC      FARG_Lcd_Cmd_out_char, 6
0x0022	0x2825      	GOTO       L__Lcd_Cmd23
0x0023	0x1308      	BCF        LCD_D6, BitPos(LCD_D6+0)
0x0024	0x2826      	GOTO       L__Lcd_Cmd24
L__Lcd_Cmd23:
0x0025	0x1708      	BSF        LCD_D6, BitPos(LCD_D6+0)
L__Lcd_Cmd24:
;__Lib_Lcd.c,22 :: 		
0x0026	0x1ADD      	BTFSC      FARG_Lcd_Cmd_out_char, 5
0x0027	0x282A      	GOTO       L__Lcd_Cmd25
0x0028	0x1288      	BCF        LCD_D5, BitPos(LCD_D5+0)
0x0029	0x282B      	GOTO       L__Lcd_Cmd26
L__Lcd_Cmd25:
0x002A	0x1688      	BSF        LCD_D5, BitPos(LCD_D5+0)
L__Lcd_Cmd26:
;__Lib_Lcd.c,23 :: 		
0x002B	0x1A5D      	BTFSC      FARG_Lcd_Cmd_out_char, 4
0x002C	0x282F      	GOTO       L__Lcd_Cmd27
0x002D	0x1208      	BCF        LCD_D4, BitPos(LCD_D4+0)
0x002E	0x2830      	GOTO       L__Lcd_Cmd28
L__Lcd_Cmd27:
0x002F	0x1608      	BSF        LCD_D4, BitPos(LCD_D4+0)
L__Lcd_Cmd28:
;__Lib_Lcd.c,25 :: 		
0x0030	0x1857      	BTFSC      __Lib_Lcd_cmd_status, BitPos(__Lib_Lcd_cmd_status+0)
0x0031	0x2834      	GOTO       L__Lcd_Cmd29
0x0032	0x1508      	BSF        LCD_RS, BitPos(LCD_RS+0)
0x0033	0x2835      	GOTO       L__Lcd_Cmd30
L__Lcd_Cmd29:
0x0034	0x1108      	BCF        LCD_RS, BitPos(LCD_RS+0)
L__Lcd_Cmd30:
;__Lib_Lcd.c,28 :: 		
0x0035	0x1588      	BSF        LCD_EN, BitPos(LCD_EN+0)
;__Lib_Lcd.c,29 :: 		
0x0036	0x2017      	CALL       _Delay_1us
;__Lib_Lcd.c,30 :: 		
0x0037	0x1188      	BCF        LCD_EN, BitPos(LCD_EN+0)
;__Lib_Lcd.c,33 :: 		
0x0038	0x19DD      	BTFSC      FARG_Lcd_Cmd_out_char, 3
0x0039	0x283C      	GOTO       L__Lcd_Cmd31
0x003A	0x1388      	BCF        LCD_D7, BitPos(LCD_D7+0)
0x003B	0x283D      	GOTO       L__Lcd_Cmd32
L__Lcd_Cmd31:
0x003C	0x1788      	BSF        LCD_D7, BitPos(LCD_D7+0)
L__Lcd_Cmd32:
;__Lib_Lcd.c,34 :: 		
0x003D	0x195D      	BTFSC      FARG_Lcd_Cmd_out_char, 2
0x003E	0x2841      	GOTO       L__Lcd_Cmd33
0x003F	0x1308      	BCF        LCD_D6, BitPos(LCD_D6+0)
0x0040	0x2842      	GOTO       L__Lcd_Cmd34
L__Lcd_Cmd33:
0x0041	0x1708      	BSF        LCD_D6, BitPos(LCD_D6+0)
L__Lcd_Cmd34:
;__Lib_Lcd.c,35 :: 		
0x0042	0x18DD      	BTFSC      FARG_Lcd_Cmd_out_char, 1
0x0043	0x2846      	GOTO       L__Lcd_Cmd35
0x0044	0x1288      	BCF        LCD_D5, BitPos(LCD_D5+0)
0x0045	0x2847      	GOTO       L__Lcd_Cmd36
L__Lcd_Cmd35:
0x0046	0x1688      	BSF        LCD_D5, BitPos(LCD_D5+0)
L__Lcd_Cmd36:
;__Lib_Lcd.c,36 :: 		
0x0047	0x185D      	BTFSC      FARG_Lcd_Cmd_out_char, 0
0x0048	0x284B      	GOTO       L__Lcd_Cmd37
0x0049	0x1208      	BCF        LCD_D4, BitPos(LCD_D4+0)
0x004A	0x284C      	GOTO       L__Lcd_Cmd38
L__Lcd_Cmd37:
0x004B	0x1608      	BSF        LCD_D4, BitPos(LCD_D4+0)
L__Lcd_Cmd38:
;__Lib_Lcd.c,38 :: 		
0x004C	0x1857      	BTFSC      __Lib_Lcd_cmd_status, BitPos(__Lib_Lcd_cmd_status+0)
0x004D	0x2850      	GOTO       L__Lcd_Cmd39
0x004E	0x1508      	BSF        LCD_RS, BitPos(LCD_RS+0)
0x004F	0x2851      	GOTO       L__Lcd_Cmd40
L__Lcd_Cmd39:
0x0050	0x1108      	BCF        LCD_RS, BitPos(LCD_RS+0)
L__Lcd_Cmd40:
;__Lib_Lcd.c,40 :: 		
0x0051	0x1588      	BSF        LCD_EN, BitPos(LCD_EN+0)
;__Lib_Lcd.c,41 :: 		
0x0052	0x2017      	CALL       _Delay_1us
;__Lib_Lcd.c,42 :: 		
0x0053	0x1188      	BCF        LCD_EN, BitPos(LCD_EN+0)
;__Lib_Lcd.c,44 :: 		
0x0054	0x1C57      	BTFSS      __Lib_Lcd_cmd_status, BitPos(__Lib_Lcd_cmd_status+0)
0x0055	0x2858      	GOTO       L_Lcd_Cmd0
;__Lib_Lcd.c,45 :: 		
0x0056	0x200A      	CALL       _Delay_5500us
0x0057	0x2859      	GOTO       L_Lcd_Cmd1
L_Lcd_Cmd0:
;__Lib_Lcd.c,47 :: 		
0x0058	0x2003      	CALL       _Delay_50us
L_Lcd_Cmd1:
;__Lib_Lcd.c,48 :: 		
L_end_Lcd_Cmd:
0x0059	0x0008      	RETURN
; end of _Lcd_Cmd
_____DoICP:
;__Lib_System.c,6 :: 		
;__Lib_System.c,9 :: 		
0x005A	0x1283      	BCF        STATUS, 5
0x005B	0x1303      	BCF        STATUS, 6
0x005C	0x0856      	MOVF       ___DoICPAddr+1, 0
0x005D	0x008A      	MOVWF      PCLATH
;__Lib_System.c,10 :: 		
0x005E	0x0855      	MOVF       ___DoICPAddr, 0
0x005F	0x0082      	MOVWF      PCL
;__Lib_System.c,12 :: 		
L_end_____DoICP:
0x0060	0x0008      	RETURN
; end of _____DoICP
_Lcd_Chr_CP:
;__Lib_Lcd.c,50 :: 		
;__Lib_Lcd.c,52 :: 		
0x0061	0x1283      	BCF        STATUS, 5
0x0062	0x1303      	BCF        STATUS, 6
0x0063	0x1057      	BCF        __Lib_Lcd_cmd_status, BitPos(__Lib_Lcd_cmd_status+0)
;__Lib_Lcd.c,53 :: 		
0x0064	0x085C      	MOVF       FARG_Lcd_Chr_CP_out_char, 0
0x0065	0x00DD      	MOVWF      FARG_Lcd_Cmd_out_char
0x0066	0x201A      	CALL       _Lcd_Cmd
;__Lib_Lcd.c,54 :: 		
0x0067	0x1457      	BSF        __Lib_Lcd_cmd_status, BitPos(__Lib_Lcd_cmd_status+0)
;__Lib_Lcd.c,55 :: 		
L_end_Lcd_Chr_CP:
0x0068	0x0008      	RETURN
; end of _Lcd_Chr_CP
_Lcd_Out:
;__Lib_Lcd.c,184 :: 		
;__Lib_Lcd.c,187 :: 		
0x0069	0x287B      	GOTO       L_Lcd_Out11
;__Lib_Lcd.c,188 :: 		
L_Lcd_Out13:
0x006A	0x3080      	MOVLW      128
0x006B	0x1283      	BCF        STATUS, 5
0x006C	0x1303      	BCF        STATUS, 6
0x006D	0x00D8      	MOVWF      FARG_Lcd_Out_row
0x006E	0x288E      	GOTO       L_Lcd_Out12
;__Lib_Lcd.c,189 :: 		
L_Lcd_Out14:
0x006F	0x30C0      	MOVLW      192
0x0070	0x00D8      	MOVWF      FARG_Lcd_Out_row
0x0071	0x288E      	GOTO       L_Lcd_Out12
;__Lib_Lcd.c,190 :: 		
L_Lcd_Out15:
0x0072	0x3094      	MOVLW      148
0x0073	0x00D8      	MOVWF      FARG_Lcd_Out_row
0x0074	0x288E      	GOTO       L_Lcd_Out12
;__Lib_Lcd.c,191 :: 		
L_Lcd_Out16:
0x0075	0x30D4      	MOVLW      212
0x0076	0x00D8      	MOVWF      FARG_Lcd_Out_row
0x0077	0x288E      	GOTO       L_Lcd_Out12
;__Lib_Lcd.c,192 :: 		
L_Lcd_Out17:
0x0078	0x3080      	MOVLW      128
0x0079	0x00D8      	MOVWF      FARG_Lcd_Out_row
;__Lib_Lcd.c,193 :: 		
0x007A	0x288E      	GOTO       L_Lcd_Out12
L_Lcd_Out11:
0x007B	0x1283      	BCF        STATUS, 5
0x007C	0x1303      	BCF        STATUS, 6
0x007D	0x0858      	MOVF       FARG_Lcd_Out_row, 0
0x007E	0x3A01      	XORLW      1
0x007F	0x1903      	BTFSC      STATUS, 2
0x0080	0x286A      	GOTO       L_Lcd_Out13
0x0081	0x0858      	MOVF       FARG_Lcd_Out_row, 0
0x0082	0x3A02      	XORLW      2
0x0083	0x1903      	BTFSC      STATUS, 2
0x0084	0x286F      	GOTO       L_Lcd_Out14
0x0085	0x0858      	MOVF       FARG_Lcd_Out_row, 0
0x0086	0x3A03      	XORLW      3
0x0087	0x1903      	BTFSC      STATUS, 2
0x0088	0x2872      	GOTO       L_Lcd_Out15
0x0089	0x0858      	MOVF       FARG_Lcd_Out_row, 0
0x008A	0x3A04      	XORLW      4
0x008B	0x1903      	BTFSC      STATUS, 2
0x008C	0x2875      	GOTO       L_Lcd_Out16
0x008D	0x2878      	GOTO       L_Lcd_Out17
L_Lcd_Out12:
;__Lib_Lcd.c,194 :: 		
0x008E	0x0359      	DECF       FARG_Lcd_Out_column, 0
0x008F	0x00F0      	MOVWF      R0
0x0090	0x0858      	MOVF       FARG_Lcd_Out_row, 0
0x0091	0x07F0      	ADDWF      R0, 1
0x0092	0x0870      	MOVF       R0, 0
0x0093	0x00D8      	MOVWF      FARG_Lcd_Out_row
;__Lib_Lcd.c,196 :: 		
0x0094	0x0870      	MOVF       R0, 0
0x0095	0x00DD      	MOVWF      FARG_Lcd_Cmd_out_char
0x0096	0x201A      	CALL       _Lcd_Cmd
;__Lib_Lcd.c,197 :: 		
0x0097	0x1057      	BCF        __Lib_Lcd_cmd_status, BitPos(__Lib_Lcd_cmd_status+0)
;__Lib_Lcd.c,198 :: 		
0x0098	0x01DB      	CLRF       Lcd_Out_i_L0
;__Lib_Lcd.c,199 :: 		
L_Lcd_Out18:
0x0099	0x085B      	MOVF       Lcd_Out_i_L0, 0
0x009A	0x075A      	ADDWF      FARG_Lcd_Out_text, 0
0x009B	0x0084      	MOVWF      FSR
0x009C	0x0800      	MOVF       INDF, 0
0x009D	0x1903      	BTFSC      STATUS, 2
0x009E	0x28A7      	GOTO       L_Lcd_Out19
;__Lib_Lcd.c,200 :: 		
0x009F	0x085B      	MOVF       Lcd_Out_i_L0, 0
0x00A0	0x075A      	ADDWF      FARG_Lcd_Out_text, 0
0x00A1	0x0084      	MOVWF      FSR
0x00A2	0x0800      	MOVF       INDF, 0
0x00A3	0x00DC      	MOVWF      FARG_Lcd_Chr_CP_out_char
0x00A4	0x2061      	CALL       _Lcd_Chr_CP
0x00A5	0x0ADB      	INCF       Lcd_Out_i_L0, 1
0x00A6	0x2899      	GOTO       L_Lcd_Out18
L_Lcd_Out19:
;__Lib_Lcd.c,201 :: 		
0x00A7	0x1457      	BSF        __Lib_Lcd_cmd_status, BitPos(__Lib_Lcd_cmd_status+0)
;__Lib_Lcd.c,202 :: 		
L_end_Lcd_Out:
0x00A8	0x0008      	RETURN
; end of _Lcd_Out
_Lcd_Chr:
;__Lib_Lcd.c,65 :: 		
;__Lib_Lcd.c,66 :: 		
0x00A9	0x28BB      	GOTO       L_Lcd_Chr4
;__Lib_Lcd.c,67 :: 		
L_Lcd_Chr6:
0x00AA	0x3080      	MOVLW      128
0x00AB	0x1283      	BCF        STATUS, 5
0x00AC	0x1303      	BCF        STATUS, 6
0x00AD	0x00D8      	MOVWF      FARG_Lcd_Chr_row
0x00AE	0x28CE      	GOTO       L_Lcd_Chr5
;__Lib_Lcd.c,68 :: 		
L_Lcd_Chr7:
0x00AF	0x30C0      	MOVLW      192
0x00B0	0x00D8      	MOVWF      FARG_Lcd_Chr_row
0x00B1	0x28CE      	GOTO       L_Lcd_Chr5
;__Lib_Lcd.c,69 :: 		
L_Lcd_Chr8:
0x00B2	0x3094      	MOVLW      148
0x00B3	0x00D8      	MOVWF      FARG_Lcd_Chr_row
0x00B4	0x28CE      	GOTO       L_Lcd_Chr5
;__Lib_Lcd.c,70 :: 		
L_Lcd_Chr9:
0x00B5	0x30D4      	MOVLW      212
0x00B6	0x00D8      	MOVWF      FARG_Lcd_Chr_row
0x00B7	0x28CE      	GOTO       L_Lcd_Chr5
;__Lib_Lcd.c,71 :: 		
L_Lcd_Chr10:
0x00B8	0x3080      	MOVLW      128
0x00B9	0x00D8      	MOVWF      FARG_Lcd_Chr_row
;__Lib_Lcd.c,72 :: 		
0x00BA	0x28CE      	GOTO       L_Lcd_Chr5
L_Lcd_Chr4:
0x00BB	0x1283      	BCF        STATUS, 5
0x00BC	0x1303      	BCF        STATUS, 6
0x00BD	0x0858      	MOVF       FARG_Lcd_Chr_row, 0
0x00BE	0x3A01      	XORLW      1
0x00BF	0x1903      	BTFSC      STATUS, 2
0x00C0	0x28AA      	GOTO       L_Lcd_Chr6
0x00C1	0x0858      	MOVF       FARG_Lcd_Chr_row, 0
0x00C2	0x3A02      	XORLW      2
0x00C3	0x1903      	BTFSC      STATUS, 2
0x00C4	0x28AF      	GOTO       L_Lcd_Chr7
0x00C5	0x0858      	MOVF       FARG_Lcd_Chr_row, 0
0x00C6	0x3A03      	XORLW      3
0x00C7	0x1903      	BTFSC      STATUS, 2
0x00C8	0x28B2      	GOTO       L_Lcd_Chr8
0x00C9	0x0858      	MOVF       FARG_Lcd_Chr_row, 0
0x00CA	0x3A04      	XORLW      4
0x00CB	0x1903      	BTFSC      STATUS, 2
0x00CC	0x28B5      	GOTO       L_Lcd_Chr9
0x00CD	0x28B8      	GOTO       L_Lcd_Chr10
L_Lcd_Chr5:
;__Lib_Lcd.c,74 :: 		
0x00CE	0x0359      	DECF       FARG_Lcd_Chr_column, 0
0x00CF	0x00F0      	MOVWF      R0
0x00D0	0x0858      	MOVF       FARG_Lcd_Chr_row, 0
0x00D1	0x07F0      	ADDWF      R0, 1
0x00D2	0x0870      	MOVF       R0, 0
0x00D3	0x00D8      	MOVWF      FARG_Lcd_Chr_row
;__Lib_Lcd.c,76 :: 		
0x00D4	0x1457      	BSF        __Lib_Lcd_cmd_status, BitPos(__Lib_Lcd_cmd_status+0)
;__Lib_Lcd.c,77 :: 		
0x00D5	0x0870      	MOVF       R0, 0
0x00D6	0x00DD      	MOVWF      FARG_Lcd_Cmd_out_char
0x00D7	0x201A      	CALL       _Lcd_Cmd
;__Lib_Lcd.c,79 :: 		
0x00D8	0x1057      	BCF        __Lib_Lcd_cmd_status, BitPos(__Lib_Lcd_cmd_status+0)
;__Lib_Lcd.c,80 :: 		
0x00D9	0x085A      	MOVF       FARG_Lcd_Chr_out_char, 0
0x00DA	0x00DD      	MOVWF      FARG_Lcd_Cmd_out_char
0x00DB	0x201A      	CALL       _Lcd_Cmd
;__Lib_Lcd.c,81 :: 		
0x00DC	0x1457      	BSF        __Lib_Lcd_cmd_status, BitPos(__Lib_Lcd_cmd_status+0)
;__Lib_Lcd.c,82 :: 		
L_end_Lcd_Chr:
0x00DD	0x0008      	RETURN
; end of _Lcd_Chr
___CC2DW:
;__Lib_System.c,134 :: 		
;__Lib_System.c,137 :: 		
_CC2D_Loop1:
;__Lib_System.c,139 :: 		
0x00DE	0x205A      	CALL       _____DoICP
0x00DF	0x118A      	BCF        PCLATH, 3
0x00E0	0x120A      	BCF        PCLATH, 4
;__Lib_System.c,141 :: 		
0x00E1	0x0080      	MOVWF      INDF
;__Lib_System.c,142 :: 		
0x00E2	0x0A84      	INCF       FSR, 1
;__Lib_System.c,143 :: 		
0x00E3	0x0AD5      	INCF       ___DoICPAddr, 1
;__Lib_System.c,145 :: 		
0x00E4	0x1903      	BTFSC      STATUS, 2
;__Lib_System.c,146 :: 		
0x00E5	0x0AD6      	INCF       ___DoICPAddr+1, 1
;__Lib_System.c,147 :: 		
0x00E6	0x03F0      	DECF       R0, 1
;__Lib_System.c,149 :: 		
0x00E7	0x1D03      	BTFSS      STATUS, 2
;__Lib_System.c,150 :: 		
0x00E8	0x28DE      	GOTO       _CC2D_Loop1
;__Lib_System.c,152 :: 		
L_end___CC2DW:
0x00E9	0x0008      	RETURN
; end of ___CC2DW
_Lcd_Init:
;__Lib_Lcd.c,84 :: 		
;__Lib_Lcd.c,86 :: 		
0x00EA	0x1683      	BSF        STATUS, 5
0x00EB	0x1303      	BCF        STATUS, 6
0x00EC	0x1188      	BCF        LCD_EN_Direction, BitPos(LCD_EN_Direction+0)
;__Lib_Lcd.c,87 :: 		
0x00ED	0x1108      	BCF        LCD_RS_Direction, BitPos(LCD_RS_Direction+0)
;__Lib_Lcd.c,88 :: 		
0x00EE	0x1208      	BCF        LCD_D4_Direction, BitPos(LCD_D4_Direction+0)
;__Lib_Lcd.c,89 :: 		
0x00EF	0x1288      	BCF        LCD_D5_Direction, BitPos(LCD_D5_Direction+0)
;__Lib_Lcd.c,90 :: 		
0x00F0	0x1308      	BCF        LCD_D6_Direction, BitPos(LCD_D6_Direction+0)
;__Lib_Lcd.c,91 :: 		
0x00F1	0x1388      	BCF        LCD_D7_Direction, BitPos(LCD_D7_Direction+0)
;__Lib_Lcd.c,93 :: 		
0x00F2	0x1283      	BCF        STATUS, 5
0x00F3	0x1188      	BCF        LCD_EN, BitPos(LCD_EN+0)
;__Lib_Lcd.c,94 :: 		
0x00F4	0x1108      	BCF        LCD_RS, BitPos(LCD_RS+0)
;__Lib_Lcd.c,95 :: 		
0x00F5	0x1388      	BCF        LCD_D7, BitPos(LCD_D7+0)
;__Lib_Lcd.c,96 :: 		
0x00F6	0x1308      	BCF        LCD_D6, BitPos(LCD_D6+0)
;__Lib_Lcd.c,97 :: 		
0x00F7	0x1288      	BCF        LCD_D5, BitPos(LCD_D5+0)
;__Lib_Lcd.c,98 :: 		
0x00F8	0x1208      	BCF        LCD_D4, BitPos(LCD_D4+0)
;__Lib_Lcd.c,100 :: 		
0x00F9	0x200A      	CALL       _Delay_5500us
;__Lib_Lcd.c,101 :: 		
0x00FA	0x200A      	CALL       _Delay_5500us
;__Lib_Lcd.c,102 :: 		
0x00FB	0x200A      	CALL       _Delay_5500us
;__Lib_Lcd.c,105 :: 		
0x00FC	0x1688      	BSF        LCD_D5, BitPos(LCD_D5+0)
;__Lib_Lcd.c,106 :: 		
0x00FD	0x1608      	BSF        LCD_D4, BitPos(LCD_D4+0)
;__Lib_Lcd.c,107 :: 		
0x00FE	0x1588      	BSF        LCD_EN, BitPos(LCD_EN+0)
;__Lib_Lcd.c,108 :: 		
0x00FF	0x2017      	CALL       _Delay_1us
;__Lib_Lcd.c,109 :: 		
0x0100	0x1188      	BCF        LCD_EN, BitPos(LCD_EN+0)
;__Lib_Lcd.c,110 :: 		
0x0101	0x200A      	CALL       _Delay_5500us
;__Lib_Lcd.c,112 :: 		
0x0102	0x1588      	BSF        LCD_EN, BitPos(LCD_EN+0)
;__Lib_Lcd.c,113 :: 		
0x0103	0x2017      	CALL       _Delay_1us
;__Lib_Lcd.c,114 :: 		
0x0104	0x1188      	BCF        LCD_EN, BitPos(LCD_EN+0)
;__Lib_Lcd.c,115 :: 		
0x0105	0x200A      	CALL       _Delay_5500us
;__Lib_Lcd.c,117 :: 		
0x0106	0x1588      	BSF        LCD_EN, BitPos(LCD_EN+0)
;__Lib_Lcd.c,118 :: 		
0x0107	0x2017      	CALL       _Delay_1us
;__Lib_Lcd.c,119 :: 		
0x0108	0x1188      	BCF        LCD_EN, BitPos(LCD_EN+0)
;__Lib_Lcd.c,120 :: 		
0x0109	0x200A      	CALL       _Delay_5500us
;__Lib_Lcd.c,123 :: 		
0x010A	0x1208      	BCF        LCD_D4, BitPos(LCD_D4+0)
;__Lib_Lcd.c,124 :: 		
0x010B	0x1588      	BSF        LCD_EN, BitPos(LCD_EN+0)
;__Lib_Lcd.c,125 :: 		
0x010C	0x2017      	CALL       _Delay_1us
;__Lib_Lcd.c,126 :: 		
0x010D	0x1188      	BCF        LCD_EN, BitPos(LCD_EN+0)
;__Lib_Lcd.c,127 :: 		
0x010E	0x200A      	CALL       _Delay_5500us
;__Lib_Lcd.c,130 :: 		
0x010F	0x1588      	BSF        LCD_EN, BitPos(LCD_EN+0)
;__Lib_Lcd.c,131 :: 		
0x0110	0x2017      	CALL       _Delay_1us
;__Lib_Lcd.c,132 :: 		
0x0111	0x1188      	BCF        LCD_EN, BitPos(LCD_EN+0)
;__Lib_Lcd.c,134 :: 		
0x0112	0x1288      	BCF        LCD_D5, BitPos(LCD_D5+0)
;__Lib_Lcd.c,135 :: 		
0x0113	0x1788      	BSF        LCD_D7, BitPos(LCD_D7+0)
;__Lib_Lcd.c,136 :: 		
0x0114	0x1588      	BSF        LCD_EN, BitPos(LCD_EN+0)
;__Lib_Lcd.c,137 :: 		
0x0115	0x2017      	CALL       _Delay_1us
;__Lib_Lcd.c,138 :: 		
0x0116	0x1188      	BCF        LCD_EN, BitPos(LCD_EN+0)
;__Lib_Lcd.c,139 :: 		
0x0117	0x200A      	CALL       _Delay_5500us
;__Lib_Lcd.c,142 :: 		
0x0118	0x1388      	BCF        LCD_D7, BitPos(LCD_D7+0)
;__Lib_Lcd.c,143 :: 		
0x0119	0x1608      	BSF        LCD_D4, BitPos(LCD_D4+0)
;__Lib_Lcd.c,144 :: 		
0x011A	0x1588      	BSF        LCD_EN, BitPos(LCD_EN+0)
;__Lib_Lcd.c,145 :: 		
0x011B	0x2017      	CALL       _Delay_1us
;__Lib_Lcd.c,146 :: 		
0x011C	0x1188      	BCF        LCD_EN, BitPos(LCD_EN+0)
;__Lib_Lcd.c,148 :: 		
0x011D	0x1208      	BCF        LCD_D4, BitPos(LCD_D4+0)
;__Lib_Lcd.c,149 :: 		
0x011E	0x1588      	BSF        LCD_EN, BitPos(LCD_EN+0)
;__Lib_Lcd.c,150 :: 		
0x011F	0x2017      	CALL       _Delay_1us
;__Lib_Lcd.c,151 :: 		
0x0120	0x1188      	BCF        LCD_EN, BitPos(LCD_EN+0)
;__Lib_Lcd.c,152 :: 		
0x0121	0x200A      	CALL       _Delay_5500us
;__Lib_Lcd.c,155 :: 		
0x0122	0x1588      	BSF        LCD_EN, BitPos(LCD_EN+0)
;__Lib_Lcd.c,156 :: 		
0x0123	0x2017      	CALL       _Delay_1us
;__Lib_Lcd.c,157 :: 		
0x0124	0x1188      	BCF        LCD_EN, BitPos(LCD_EN+0)
;__Lib_Lcd.c,159 :: 		
0x0125	0x1608      	BSF        LCD_D4, BitPos(LCD_D4+0)
;__Lib_Lcd.c,160 :: 		
0x0126	0x1588      	BSF        LCD_EN, BitPos(LCD_EN+0)
;__Lib_Lcd.c,161 :: 		
0x0127	0x2017      	CALL       _Delay_1us
;__Lib_Lcd.c,162 :: 		
0x0128	0x1188      	BCF        LCD_EN, BitPos(LCD_EN+0)
;__Lib_Lcd.c,163 :: 		
0x0129	0x200A      	CALL       _Delay_5500us
;__Lib_Lcd.c,166 :: 		
0x012A	0x1208      	BCF        LCD_D4, BitPos(LCD_D4+0)
;__Lib_Lcd.c,167 :: 		
0x012B	0x1588      	BSF        LCD_EN, BitPos(LCD_EN+0)
;__Lib_Lcd.c,168 :: 		
0x012C	0x2017      	CALL       _Delay_1us
;__Lib_Lcd.c,169 :: 		
0x012D	0x1188      	BCF        LCD_EN, BitPos(LCD_EN+0)
;__Lib_Lcd.c,171 :: 		
0x012E	0x1788      	BSF        LCD_D7, BitPos(LCD_D7+0)
;__Lib_Lcd.c,172 :: 		
0x012F	0x1708      	BSF        LCD_D6, BitPos(LCD_D6+0)
;__Lib_Lcd.c,173 :: 		
0x0130	0x1688      	BSF        LCD_D5, BitPos(LCD_D5+0)
;__Lib_Lcd.c,174 :: 		
0x0131	0x1608      	BSF        LCD_D4, BitPos(LCD_D4+0)
;__Lib_Lcd.c,175 :: 		
0x0132	0x1588      	BSF        LCD_EN, BitPos(LCD_EN+0)
;__Lib_Lcd.c,176 :: 		
0x0133	0x2017      	CALL       _Delay_1us
;__Lib_Lcd.c,177 :: 		
0x0134	0x1188      	BCF        LCD_EN, BitPos(LCD_EN+0)
;__Lib_Lcd.c,179 :: 		
0x0135	0x200A      	CALL       _Delay_5500us
;__Lib_Lcd.c,181 :: 		
0x0136	0x1457      	BSF        __Lib_Lcd_cmd_status, BitPos(__Lib_Lcd_cmd_status+0)
;__Lib_Lcd.c,182 :: 		
L_end_Lcd_Init:
0x0137	0x0008      	RETURN
; end of _Lcd_Init
_main:
0x0138	0x23FE      	CALL       1022
;lcdPic.c,16 :: 		void main() {
;lcdPic.c,19 :: 		Lcd_Init();
0x0139	0x20EA      	CALL       _Lcd_Init
;lcdPic.c,20 :: 		for(;;){
L_main0:
;lcdPic.c,21 :: 		Lcd_Chr(1, 4, 'V');
0x013A	0x3001      	MOVLW      1
0x013B	0x00D8      	MOVWF      FARG_Lcd_Chr_row
0x013C	0x3004      	MOVLW      4
0x013D	0x00D9      	MOVWF      FARG_Lcd_Chr_column
0x013E	0x3056      	MOVLW      86
0x013F	0x00DA      	MOVWF      FARG_Lcd_Chr_out_char
0x0140	0x20A9      	CALL       _Lcd_Chr
;lcdPic.c,22 :: 		Lcd_Out(2, 3, "capa");
0x0141	0x3002      	MOVLW      2
0x0142	0x00D8      	MOVWF      FARG_Lcd_Out_row
0x0143	0x3003      	MOVLW      3
0x0144	0x00D9      	MOVWF      FARG_Lcd_Out_column
0x0145	0x3050      	MOVLW      ?lstr1_lcdPic
0x0146	0x00DA      	MOVWF      FARG_Lcd_Out_text
0x0147	0x2069      	CALL       _Lcd_Out
;lcdPic.c,23 :: 		delay_ms(1000);
0x0148	0x300B      	MOVLW      11
0x0149	0x00FB      	MOVWF      R11
0x014A	0x3026      	MOVLW      38
0x014B	0x00FC      	MOVWF      R12
0x014C	0x305D      	MOVLW      93
0x014D	0x00FD      	MOVWF      R13
L_main3:
0x014E	0x0BFD      	DECFSZ     R13, 1
0x014F	0x294E      	GOTO       L_main3
0x0150	0x0BFC      	DECFSZ     R12, 1
0x0151	0x294E      	GOTO       L_main3
0x0152	0x0BFB      	DECFSZ     R11, 1
0x0153	0x294E      	GOTO       L_main3
0x0154	0x0000      	NOP
0x0155	0x0000      	NOP
;lcdPic.c,24 :: 		Lcd_Cmd(_LCD_CLEAR);
0x0156	0x3001      	MOVLW      1
0x0157	0x00DD      	MOVWF      FARG_Lcd_Cmd_out_char
0x0158	0x201A      	CALL       _Lcd_Cmd
;lcdPic.c,25 :: 		Lcd_out( 1, 1, "ENG.");
0x0159	0x3001      	MOVLW      1
0x015A	0x00D8      	MOVWF      FARG_Lcd_Out_row
0x015B	0x3001      	MOVLW      1
0x015C	0x00D9      	MOVWF      FARG_Lcd_Out_column
0x015D	0x304B      	MOVLW      ?lstr2_lcdPic
0x015E	0x00DA      	MOVWF      FARG_Lcd_Out_text
0x015F	0x2069      	CALL       _Lcd_Out
;lcdPic.c,26 :: 		Lcd_out(2, 1, "_FERNANDO Caxinda_");
0x0160	0x3002      	MOVLW      2
0x0161	0x00D8      	MOVWF      FARG_Lcd_Out_row
0x0162	0x3001      	MOVLW      1
0x0163	0x00D9      	MOVWF      FARG_Lcd_Out_column
0x0164	0x3025      	MOVLW      ?lstr3_lcdPic
0x0165	0x00DA      	MOVWF      FARG_Lcd_Out_text
0x0166	0x2069      	CALL       _Lcd_Out
;lcdPic.c,27 :: 		delay_ms(1000);
0x0167	0x300B      	MOVLW      11
0x0168	0x00FB      	MOVWF      R11
0x0169	0x3026      	MOVLW      38
0x016A	0x00FC      	MOVWF      R12
0x016B	0x305D      	MOVLW      93
0x016C	0x00FD      	MOVWF      R13
L_main4:
0x016D	0x0BFD      	DECFSZ     R13, 1
0x016E	0x296D      	GOTO       L_main4
0x016F	0x0BFC      	DECFSZ     R12, 1
0x0170	0x296D      	GOTO       L_main4
0x0171	0x0BFB      	DECFSZ     R11, 1
0x0172	0x296D      	GOTO       L_main4
0x0173	0x0000      	NOP
0x0174	0x0000      	NOP
;lcdPic.c,28 :: 		Lcd_Cmd(_LCD_SHIFT_LEFT);
0x0175	0x3018      	MOVLW      24
0x0176	0x00DD      	MOVWF      FARG_Lcd_Cmd_out_char
0x0177	0x201A      	CALL       _Lcd_Cmd
;lcdPic.c,29 :: 		delay_ms(500);
0x0178	0x3006      	MOVLW      6
0x0179	0x00FB      	MOVWF      R11
0x017A	0x3013      	MOVLW      19
0x017B	0x00FC      	MOVWF      R12
0x017C	0x30AD      	MOVLW      173
0x017D	0x00FD      	MOVWF      R13
L_main5:
0x017E	0x0BFD      	DECFSZ     R13, 1
0x017F	0x297E      	GOTO       L_main5
0x0180	0x0BFC      	DECFSZ     R12, 1
0x0181	0x297E      	GOTO       L_main5
0x0182	0x0BFB      	DECFSZ     R11, 1
0x0183	0x297E      	GOTO       L_main5
0x0184	0x0000      	NOP
0x0185	0x0000      	NOP
;lcdPic.c,30 :: 		delay_ms(1000);
0x0186	0x300B      	MOVLW      11
0x0187	0x00FB      	MOVWF      R11
0x0188	0x3026      	MOVLW      38
0x0189	0x00FC      	MOVWF      R12
0x018A	0x305D      	MOVLW      93
0x018B	0x00FD      	MOVWF      R13
L_main6:
0x018C	0x0BFD      	DECFSZ     R13, 1
0x018D	0x298C      	GOTO       L_main6
0x018E	0x0BFC      	DECFSZ     R12, 1
0x018F	0x298C      	GOTO       L_main6
0x0190	0x0BFB      	DECFSZ     R11, 1
0x0191	0x298C      	GOTO       L_main6
0x0192	0x0000      	NOP
0x0193	0x0000      	NOP
;lcdPic.c,31 :: 		Lcd_Cmd(_LCD_SHIFT_LEFT);
0x0194	0x3018      	MOVLW      24
0x0195	0x00DD      	MOVWF      FARG_Lcd_Cmd_out_char
0x0196	0x201A      	CALL       _Lcd_Cmd
;lcdPic.c,32 :: 		delay_ms(500);
0x0197	0x3006      	MOVLW      6
0x0198	0x00FB      	MOVWF      R11
0x0199	0x3013      	MOVLW      19
0x019A	0x00FC      	MOVWF      R12
0x019B	0x30AD      	MOVLW      173
0x019C	0x00FD      	MOVWF      R13
L_main7:
0x019D	0x0BFD      	DECFSZ     R13, 1
0x019E	0x299D      	GOTO       L_main7
0x019F	0x0BFC      	DECFSZ     R12, 1
0x01A0	0x299D      	GOTO       L_main7
0x01A1	0x0BFB      	DECFSZ     R11, 1
0x01A2	0x299D      	GOTO       L_main7
0x01A3	0x0000      	NOP
0x01A4	0x0000      	NOP
;lcdPic.c,33 :: 		delay_ms(1000);
0x01A5	0x300B      	MOVLW      11
0x01A6	0x00FB      	MOVWF      R11
0x01A7	0x3026      	MOVLW      38
0x01A8	0x00FC      	MOVWF      R12
0x01A9	0x305D      	MOVLW      93
0x01AA	0x00FD      	MOVWF      R13
L_main8:
0x01AB	0x0BFD      	DECFSZ     R13, 1
0x01AC	0x29AB      	GOTO       L_main8
0x01AD	0x0BFC      	DECFSZ     R12, 1
0x01AE	0x29AB      	GOTO       L_main8
0x01AF	0x0BFB      	DECFSZ     R11, 1
0x01B0	0x29AB      	GOTO       L_main8
0x01B1	0x0000      	NOP
0x01B2	0x0000      	NOP
;lcdPic.c,34 :: 		Lcd_Cmd(_LCD_SHIFT_LEFT);
0x01B3	0x3018      	MOVLW      24
0x01B4	0x00DD      	MOVWF      FARG_Lcd_Cmd_out_char
0x01B5	0x201A      	CALL       _Lcd_Cmd
;lcdPic.c,35 :: 		delay_ms(500);
0x01B6	0x3006      	MOVLW      6
0x01B7	0x00FB      	MOVWF      R11
0x01B8	0x3013      	MOVLW      19
0x01B9	0x00FC      	MOVWF      R12
0x01BA	0x30AD      	MOVLW      173
0x01BB	0x00FD      	MOVWF      R13
L_main9:
0x01BC	0x0BFD      	DECFSZ     R13, 1
0x01BD	0x29BC      	GOTO       L_main9
0x01BE	0x0BFC      	DECFSZ     R12, 1
0x01BF	0x29BC      	GOTO       L_main9
0x01C0	0x0BFB      	DECFSZ     R11, 1
0x01C1	0x29BC      	GOTO       L_main9
0x01C2	0x0000      	NOP
0x01C3	0x0000      	NOP
;lcdPic.c,36 :: 		delay_ms(1000);
0x01C4	0x300B      	MOVLW      11
0x01C5	0x00FB      	MOVWF      R11
0x01C6	0x3026      	MOVLW      38
0x01C7	0x00FC      	MOVWF      R12
0x01C8	0x305D      	MOVLW      93
0x01C9	0x00FD      	MOVWF      R13
L_main10:
0x01CA	0x0BFD      	DECFSZ     R13, 1
0x01CB	0x29CA      	GOTO       L_main10
0x01CC	0x0BFC      	DECFSZ     R12, 1
0x01CD	0x29CA      	GOTO       L_main10
0x01CE	0x0BFB      	DECFSZ     R11, 1
0x01CF	0x29CA      	GOTO       L_main10
0x01D0	0x0000      	NOP
0x01D1	0x0000      	NOP
;lcdPic.c,37 :: 		Lcd_Cmd(_LCD_SHIFT_LEFT);
0x01D2	0x3018      	MOVLW      24
0x01D3	0x00DD      	MOVWF      FARG_Lcd_Cmd_out_char
0x01D4	0x201A      	CALL       _Lcd_Cmd
;lcdPic.c,38 :: 		delay_ms(500);
0x01D5	0x3006      	MOVLW      6
0x01D6	0x00FB      	MOVWF      R11
0x01D7	0x3013      	MOVLW      19
0x01D8	0x00FC      	MOVWF      R12
0x01D9	0x30AD      	MOVLW      173
0x01DA	0x00FD      	MOVWF      R13
L_main11:
0x01DB	0x0BFD      	DECFSZ     R13, 1
0x01DC	0x29DB      	GOTO       L_main11
0x01DD	0x0BFC      	DECFSZ     R12, 1
0x01DE	0x29DB      	GOTO       L_main11
0x01DF	0x0BFB      	DECFSZ     R11, 1
0x01E0	0x29DB      	GOTO       L_main11
0x01E1	0x0000      	NOP
0x01E2	0x0000      	NOP
;lcdPic.c,39 :: 		delay_ms(1000);
0x01E3	0x300B      	MOVLW      11
0x01E4	0x00FB      	MOVWF      R11
0x01E5	0x3026      	MOVLW      38
0x01E6	0x00FC      	MOVWF      R12
0x01E7	0x305D      	MOVLW      93
0x01E8	0x00FD      	MOVWF      R13
L_main12:
0x01E9	0x0BFD      	DECFSZ     R13, 1
0x01EA	0x29E9      	GOTO       L_main12
0x01EB	0x0BFC      	DECFSZ     R12, 1
0x01EC	0x29E9      	GOTO       L_main12
0x01ED	0x0BFB      	DECFSZ     R11, 1
0x01EE	0x29E9      	GOTO       L_main12
0x01EF	0x0000      	NOP
0x01F0	0x0000      	NOP
;lcdPic.c,40 :: 		Lcd_Cmd(_LCD_SHIFT_LEFT);
0x01F1	0x3018      	MOVLW      24
0x01F2	0x00DD      	MOVWF      FARG_Lcd_Cmd_out_char
0x01F3	0x201A      	CALL       _Lcd_Cmd
;lcdPic.c,41 :: 		delay_ms(500);
0x01F4	0x3006      	MOVLW      6
0x01F5	0x00FB      	MOVWF      R11
0x01F6	0x3013      	MOVLW      19
0x01F7	0x00FC      	MOVWF      R12
0x01F8	0x30AD      	MOVLW      173
0x01F9	0x00FD      	MOVWF      R13
L_main13:
0x01FA	0x0BFD      	DECFSZ     R13, 1
0x01FB	0x29FA      	GOTO       L_main13
0x01FC	0x0BFC      	DECFSZ     R12, 1
0x01FD	0x29FA      	GOTO       L_main13
0x01FE	0x0BFB      	DECFSZ     R11, 1
0x01FF	0x29FA      	GOTO       L_main13
0x0200	0x0000      	NOP
0x0201	0x0000      	NOP
;lcdPic.c,42 :: 		delay_ms(1000);
0x0202	0x300B      	MOVLW      11
0x0203	0x00FB      	MOVWF      R11
0x0204	0x3026      	MOVLW      38
0x0205	0x00FC      	MOVWF      R12
0x0206	0x305D      	MOVLW      93
0x0207	0x00FD      	MOVWF      R13
L_main14:
0x0208	0x0BFD      	DECFSZ     R13, 1
0x0209	0x2A08      	GOTO       L_main14
0x020A	0x0BFC      	DECFSZ     R12, 1
0x020B	0x2A08      	GOTO       L_main14
0x020C	0x0BFB      	DECFSZ     R11, 1
0x020D	0x2A08      	GOTO       L_main14
0x020E	0x0000      	NOP
0x020F	0x0000      	NOP
;lcdPic.c,43 :: 		Lcd_Cmd(_LCD_SHIFT_LEFT);
0x0210	0x3018      	MOVLW      24
0x0211	0x00DD      	MOVWF      FARG_Lcd_Cmd_out_char
0x0212	0x201A      	CALL       _Lcd_Cmd
;lcdPic.c,44 :: 		delay_ms(500);
0x0213	0x3006      	MOVLW      6
0x0214	0x00FB      	MOVWF      R11
0x0215	0x3013      	MOVLW      19
0x0216	0x00FC      	MOVWF      R12
0x0217	0x30AD      	MOVLW      173
0x0218	0x00FD      	MOVWF      R13
L_main15:
0x0219	0x0BFD      	DECFSZ     R13, 1
0x021A	0x2A19      	GOTO       L_main15
0x021B	0x0BFC      	DECFSZ     R12, 1
0x021C	0x2A19      	GOTO       L_main15
0x021D	0x0BFB      	DECFSZ     R11, 1
0x021E	0x2A19      	GOTO       L_main15
0x021F	0x0000      	NOP
0x0220	0x0000      	NOP
;lcdPic.c,45 :: 		delay_ms(1000);
0x0221	0x300B      	MOVLW      11
0x0222	0x00FB      	MOVWF      R11
0x0223	0x3026      	MOVLW      38
0x0224	0x00FC      	MOVWF      R12
0x0225	0x305D      	MOVLW      93
0x0226	0x00FD      	MOVWF      R13
L_main16:
0x0227	0x0BFD      	DECFSZ     R13, 1
0x0228	0x2A27      	GOTO       L_main16
0x0229	0x0BFC      	DECFSZ     R12, 1
0x022A	0x2A27      	GOTO       L_main16
0x022B	0x0BFB      	DECFSZ     R11, 1
0x022C	0x2A27      	GOTO       L_main16
0x022D	0x0000      	NOP
0x022E	0x0000      	NOP
;lcdPic.c,46 :: 		Lcd_Cmd(_LCD_SHIFT_LEFT);
0x022F	0x3018      	MOVLW      24
0x0230	0x00DD      	MOVWF      FARG_Lcd_Cmd_out_char
0x0231	0x201A      	CALL       _Lcd_Cmd
;lcdPic.c,47 :: 		delay_ms(500);
0x0232	0x3006      	MOVLW      6
0x0233	0x00FB      	MOVWF      R11
0x0234	0x3013      	MOVLW      19
0x0235	0x00FC      	MOVWF      R12
0x0236	0x30AD      	MOVLW      173
0x0237	0x00FD      	MOVWF      R13
L_main17:
0x0238	0x0BFD      	DECFSZ     R13, 1
0x0239	0x2A38      	GOTO       L_main17
0x023A	0x0BFC      	DECFSZ     R12, 1
0x023B	0x2A38      	GOTO       L_main17
0x023C	0x0BFB      	DECFSZ     R11, 1
0x023D	0x2A38      	GOTO       L_main17
0x023E	0x0000      	NOP
0x023F	0x0000      	NOP
;lcdPic.c,48 :: 		delay_ms(1000);
0x0240	0x300B      	MOVLW      11
0x0241	0x00FB      	MOVWF      R11
0x0242	0x3026      	MOVLW      38
0x0243	0x00FC      	MOVWF      R12
0x0244	0x305D      	MOVLW      93
0x0245	0x00FD      	MOVWF      R13
L_main18:
0x0246	0x0BFD      	DECFSZ     R13, 1
0x0247	0x2A46      	GOTO       L_main18
0x0248	0x0BFC      	DECFSZ     R12, 1
0x0249	0x2A46      	GOTO       L_main18
0x024A	0x0BFB      	DECFSZ     R11, 1
0x024B	0x2A46      	GOTO       L_main18
0x024C	0x0000      	NOP
0x024D	0x0000      	NOP
;lcdPic.c,49 :: 		Lcd_Cmd(_LCD_SHIFT_LEFT);
0x024E	0x3018      	MOVLW      24
0x024F	0x00DD      	MOVWF      FARG_Lcd_Cmd_out_char
0x0250	0x201A      	CALL       _Lcd_Cmd
;lcdPic.c,50 :: 		delay_ms(500);
0x0251	0x3006      	MOVLW      6
0x0252	0x00FB      	MOVWF      R11
0x0253	0x3013      	MOVLW      19
0x0254	0x00FC      	MOVWF      R12
0x0255	0x30AD      	MOVLW      173
0x0256	0x00FD      	MOVWF      R13
L_main19:
0x0257	0x0BFD      	DECFSZ     R13, 1
0x0258	0x2A57      	GOTO       L_main19
0x0259	0x0BFC      	DECFSZ     R12, 1
0x025A	0x2A57      	GOTO       L_main19
0x025B	0x0BFB      	DECFSZ     R11, 1
0x025C	0x2A57      	GOTO       L_main19
0x025D	0x0000      	NOP
0x025E	0x0000      	NOP
;lcdPic.c,51 :: 		delay_ms(1000);
0x025F	0x300B      	MOVLW      11
0x0260	0x00FB      	MOVWF      R11
0x0261	0x3026      	MOVLW      38
0x0262	0x00FC      	MOVWF      R12
0x0263	0x305D      	MOVLW      93
0x0264	0x00FD      	MOVWF      R13
L_main20:
0x0265	0x0BFD      	DECFSZ     R13, 1
0x0266	0x2A65      	GOTO       L_main20
0x0267	0x0BFC      	DECFSZ     R12, 1
0x0268	0x2A65      	GOTO       L_main20
0x0269	0x0BFB      	DECFSZ     R11, 1
0x026A	0x2A65      	GOTO       L_main20
0x026B	0x0000      	NOP
0x026C	0x0000      	NOP
;lcdPic.c,52 :: 		Lcd_Cmd(_LCD_SHIFT_LEFT);
0x026D	0x3018      	MOVLW      24
0x026E	0x00DD      	MOVWF      FARG_Lcd_Cmd_out_char
0x026F	0x201A      	CALL       _Lcd_Cmd
;lcdPic.c,53 :: 		delay_ms(500);
0x0270	0x3006      	MOVLW      6
0x0271	0x00FB      	MOVWF      R11
0x0272	0x3013      	MOVLW      19
0x0273	0x00FC      	MOVWF      R12
0x0274	0x30AD      	MOVLW      173
0x0275	0x00FD      	MOVWF      R13
L_main21:
0x0276	0x0BFD      	DECFSZ     R13, 1
0x0277	0x2A76      	GOTO       L_main21
0x0278	0x0BFC      	DECFSZ     R12, 1
0x0279	0x2A76      	GOTO       L_main21
0x027A	0x0BFB      	DECFSZ     R11, 1
0x027B	0x2A76      	GOTO       L_main21
0x027C	0x0000      	NOP
0x027D	0x0000      	NOP
;lcdPic.c,54 :: 		delay_ms(1000);
0x027E	0x300B      	MOVLW      11
0x027F	0x00FB      	MOVWF      R11
0x0280	0x3026      	MOVLW      38
0x0281	0x00FC      	MOVWF      R12
0x0282	0x305D      	MOVLW      93
0x0283	0x00FD      	MOVWF      R13
L_main22:
0x0284	0x0BFD      	DECFSZ     R13, 1
0x0285	0x2A84      	GOTO       L_main22
0x0286	0x0BFC      	DECFSZ     R12, 1
0x0287	0x2A84      	GOTO       L_main22
0x0288	0x0BFB      	DECFSZ     R11, 1
0x0289	0x2A84      	GOTO       L_main22
0x028A	0x0000      	NOP
0x028B	0x0000      	NOP
;lcdPic.c,55 :: 		Lcd_Cmd(_LCD_SHIFT_LEFT);
0x028C	0x3018      	MOVLW      24
0x028D	0x00DD      	MOVWF      FARG_Lcd_Cmd_out_char
0x028E	0x201A      	CALL       _Lcd_Cmd
;lcdPic.c,56 :: 		delay_ms(500);
0x028F	0x3006      	MOVLW      6
0x0290	0x00FB      	MOVWF      R11
0x0291	0x3013      	MOVLW      19
0x0292	0x00FC      	MOVWF      R12
0x0293	0x30AD      	MOVLW      173
0x0294	0x00FD      	MOVWF      R13
L_main23:
0x0295	0x0BFD      	DECFSZ     R13, 1
0x0296	0x2A95      	GOTO       L_main23
0x0297	0x0BFC      	DECFSZ     R12, 1
0x0298	0x2A95      	GOTO       L_main23
0x0299	0x0BFB      	DECFSZ     R11, 1
0x029A	0x2A95      	GOTO       L_main23
0x029B	0x0000      	NOP
0x029C	0x0000      	NOP
;lcdPic.c,57 :: 		delay_ms(1000);
0x029D	0x300B      	MOVLW      11
0x029E	0x00FB      	MOVWF      R11
0x029F	0x3026      	MOVLW      38
0x02A0	0x00FC      	MOVWF      R12
0x02A1	0x305D      	MOVLW      93
0x02A2	0x00FD      	MOVWF      R13
L_main24:
0x02A3	0x0BFD      	DECFSZ     R13, 1
0x02A4	0x2AA3      	GOTO       L_main24
0x02A5	0x0BFC      	DECFSZ     R12, 1
0x02A6	0x2AA3      	GOTO       L_main24
0x02A7	0x0BFB      	DECFSZ     R11, 1
0x02A8	0x2AA3      	GOTO       L_main24
0x02A9	0x0000      	NOP
0x02AA	0x0000      	NOP
;lcdPic.c,58 :: 		Lcd_Cmd(_LCD_SHIFT_LEFT);
0x02AB	0x3018      	MOVLW      24
0x02AC	0x00DD      	MOVWF      FARG_Lcd_Cmd_out_char
0x02AD	0x201A      	CALL       _Lcd_Cmd
;lcdPic.c,59 :: 		delay_ms(500);
0x02AE	0x3006      	MOVLW      6
0x02AF	0x00FB      	MOVWF      R11
0x02B0	0x3013      	MOVLW      19
0x02B1	0x00FC      	MOVWF      R12
0x02B2	0x30AD      	MOVLW      173
0x02B3	0x00FD      	MOVWF      R13
L_main25:
0x02B4	0x0BFD      	DECFSZ     R13, 1
0x02B5	0x2AB4      	GOTO       L_main25
0x02B6	0x0BFC      	DECFSZ     R12, 1
0x02B7	0x2AB4      	GOTO       L_main25
0x02B8	0x0BFB      	DECFSZ     R11, 1
0x02B9	0x2AB4      	GOTO       L_main25
0x02BA	0x0000      	NOP
0x02BB	0x0000      	NOP
;lcdPic.c,60 :: 		delay_ms(1000);
0x02BC	0x300B      	MOVLW      11
0x02BD	0x00FB      	MOVWF      R11
0x02BE	0x3026      	MOVLW      38
0x02BF	0x00FC      	MOVWF      R12
0x02C0	0x305D      	MOVLW      93
0x02C1	0x00FD      	MOVWF      R13
L_main26:
0x02C2	0x0BFD      	DECFSZ     R13, 1
0x02C3	0x2AC2      	GOTO       L_main26
0x02C4	0x0BFC      	DECFSZ     R12, 1
0x02C5	0x2AC2      	GOTO       L_main26
0x02C6	0x0BFB      	DECFSZ     R11, 1
0x02C7	0x2AC2      	GOTO       L_main26
0x02C8	0x0000      	NOP
0x02C9	0x0000      	NOP
;lcdPic.c,61 :: 		Lcd_Cmd(_LCD_SHIFT_LEFT);
0x02CA	0x3018      	MOVLW      24
0x02CB	0x00DD      	MOVWF      FARG_Lcd_Cmd_out_char
0x02CC	0x201A      	CALL       _Lcd_Cmd
;lcdPic.c,62 :: 		delay_ms(500);
0x02CD	0x3006      	MOVLW      6
0x02CE	0x00FB      	MOVWF      R11
0x02CF	0x3013      	MOVLW      19
0x02D0	0x00FC      	MOVWF      R12
0x02D1	0x30AD      	MOVLW      173
0x02D2	0x00FD      	MOVWF      R13
L_main27:
0x02D3	0x0BFD      	DECFSZ     R13, 1
0x02D4	0x2AD3      	GOTO       L_main27
0x02D5	0x0BFC      	DECFSZ     R12, 1
0x02D6	0x2AD3      	GOTO       L_main27
0x02D7	0x0BFB      	DECFSZ     R11, 1
0x02D8	0x2AD3      	GOTO       L_main27
0x02D9	0x0000      	NOP
0x02DA	0x0000      	NOP
;lcdPic.c,63 :: 		delay_ms(1000);
0x02DB	0x300B      	MOVLW      11
0x02DC	0x00FB      	MOVWF      R11
0x02DD	0x3026      	MOVLW      38
0x02DE	0x00FC      	MOVWF      R12
0x02DF	0x305D      	MOVLW      93
0x02E0	0x00FD      	MOVWF      R13
L_main28:
0x02E1	0x0BFD      	DECFSZ     R13, 1
0x02E2	0x2AE1      	GOTO       L_main28
0x02E3	0x0BFC      	DECFSZ     R12, 1
0x02E4	0x2AE1      	GOTO       L_main28
0x02E5	0x0BFB      	DECFSZ     R11, 1
0x02E6	0x2AE1      	GOTO       L_main28
0x02E7	0x0000      	NOP
0x02E8	0x0000      	NOP
;lcdPic.c,64 :: 		Lcd_Cmd(_LCD_SHIFT_LEFT);
0x02E9	0x3018      	MOVLW      24
0x02EA	0x00DD      	MOVWF      FARG_Lcd_Cmd_out_char
0x02EB	0x201A      	CALL       _Lcd_Cmd
;lcdPic.c,65 :: 		delay_ms(500);
0x02EC	0x3006      	MOVLW      6
0x02ED	0x00FB      	MOVWF      R11
0x02EE	0x3013      	MOVLW      19
0x02EF	0x00FC      	MOVWF      R12
0x02F0	0x30AD      	MOVLW      173
0x02F1	0x00FD      	MOVWF      R13
L_main29:
0x02F2	0x0BFD      	DECFSZ     R13, 1
0x02F3	0x2AF2      	GOTO       L_main29
0x02F4	0x0BFC      	DECFSZ     R12, 1
0x02F5	0x2AF2      	GOTO       L_main29
0x02F6	0x0BFB      	DECFSZ     R11, 1
0x02F7	0x2AF2      	GOTO       L_main29
0x02F8	0x0000      	NOP
0x02F9	0x0000      	NOP
;lcdPic.c,66 :: 		delay_ms(1000);
0x02FA	0x300B      	MOVLW      11
0x02FB	0x00FB      	MOVWF      R11
0x02FC	0x3026      	MOVLW      38
0x02FD	0x00FC      	MOVWF      R12
0x02FE	0x305D      	MOVLW      93
0x02FF	0x00FD      	MOVWF      R13
L_main30:
0x0300	0x0BFD      	DECFSZ     R13, 1
0x0301	0x2B00      	GOTO       L_main30
0x0302	0x0BFC      	DECFSZ     R12, 1
0x0303	0x2B00      	GOTO       L_main30
0x0304	0x0BFB      	DECFSZ     R11, 1
0x0305	0x2B00      	GOTO       L_main30
0x0306	0x0000      	NOP
0x0307	0x0000      	NOP
;lcdPic.c,67 :: 		Lcd_Cmd(_LCD_SHIFT_LEFT);
0x0308	0x3018      	MOVLW      24
0x0309	0x00DD      	MOVWF      FARG_Lcd_Cmd_out_char
0x030A	0x201A      	CALL       _Lcd_Cmd
;lcdPic.c,68 :: 		delay_ms(500);
0x030B	0x3006      	MOVLW      6
0x030C	0x00FB      	MOVWF      R11
0x030D	0x3013      	MOVLW      19
0x030E	0x00FC      	MOVWF      R12
0x030F	0x30AD      	MOVLW      173
0x0310	0x00FD      	MOVWF      R13
L_main31:
0x0311	0x0BFD      	DECFSZ     R13, 1
0x0312	0x2B11      	GOTO       L_main31
0x0313	0x0BFC      	DECFSZ     R12, 1
0x0314	0x2B11      	GOTO       L_main31
0x0315	0x0BFB      	DECFSZ     R11, 1
0x0316	0x2B11      	GOTO       L_main31
0x0317	0x0000      	NOP
0x0318	0x0000      	NOP
;lcdPic.c,69 :: 		delay_ms(1000);
0x0319	0x300B      	MOVLW      11
0x031A	0x00FB      	MOVWF      R11
0x031B	0x3026      	MOVLW      38
0x031C	0x00FC      	MOVWF      R12
0x031D	0x305D      	MOVLW      93
0x031E	0x00FD      	MOVWF      R13
L_main32:
0x031F	0x0BFD      	DECFSZ     R13, 1
0x0320	0x2B1F      	GOTO       L_main32
0x0321	0x0BFC      	DECFSZ     R12, 1
0x0322	0x2B1F      	GOTO       L_main32
0x0323	0x0BFB      	DECFSZ     R11, 1
0x0324	0x2B1F      	GOTO       L_main32
0x0325	0x0000      	NOP
0x0326	0x0000      	NOP
;lcdPic.c,70 :: 		Lcd_Cmd(_LCD_SHIFT_LEFT);
0x0327	0x3018      	MOVLW      24
0x0328	0x00DD      	MOVWF      FARG_Lcd_Cmd_out_char
0x0329	0x201A      	CALL       _Lcd_Cmd
;lcdPic.c,71 :: 		delay_ms(500);
0x032A	0x3006      	MOVLW      6
0x032B	0x00FB      	MOVWF      R11
0x032C	0x3013      	MOVLW      19
0x032D	0x00FC      	MOVWF      R12
0x032E	0x30AD      	MOVLW      173
0x032F	0x00FD      	MOVWF      R13
L_main33:
0x0330	0x0BFD      	DECFSZ     R13, 1
0x0331	0x2B30      	GOTO       L_main33
0x0332	0x0BFC      	DECFSZ     R12, 1
0x0333	0x2B30      	GOTO       L_main33
0x0334	0x0BFB      	DECFSZ     R11, 1
0x0335	0x2B30      	GOTO       L_main33
0x0336	0x0000      	NOP
0x0337	0x0000      	NOP
;lcdPic.c,72 :: 		delay_ms(1000);
0x0338	0x300B      	MOVLW      11
0x0339	0x00FB      	MOVWF      R11
0x033A	0x3026      	MOVLW      38
0x033B	0x00FC      	MOVWF      R12
0x033C	0x305D      	MOVLW      93
0x033D	0x00FD      	MOVWF      R13
L_main34:
0x033E	0x0BFD      	DECFSZ     R13, 1
0x033F	0x2B3E      	GOTO       L_main34
0x0340	0x0BFC      	DECFSZ     R12, 1
0x0341	0x2B3E      	GOTO       L_main34
0x0342	0x0BFB      	DECFSZ     R11, 1
0x0343	0x2B3E      	GOTO       L_main34
0x0344	0x0000      	NOP
0x0345	0x0000      	NOP
;lcdPic.c,73 :: 		Lcd_Cmd(_LCD_SHIFT_LEFT);
0x0346	0x3018      	MOVLW      24
0x0347	0x00DD      	MOVWF      FARG_Lcd_Cmd_out_char
0x0348	0x201A      	CALL       _Lcd_Cmd
;lcdPic.c,74 :: 		delay_ms(500);
0x0349	0x3006      	MOVLW      6
0x034A	0x00FB      	MOVWF      R11
0x034B	0x3013      	MOVLW      19
0x034C	0x00FC      	MOVWF      R12
0x034D	0x30AD      	MOVLW      173
0x034E	0x00FD      	MOVWF      R13
L_main35:
0x034F	0x0BFD      	DECFSZ     R13, 1
0x0350	0x2B4F      	GOTO       L_main35
0x0351	0x0BFC      	DECFSZ     R12, 1
0x0352	0x2B4F      	GOTO       L_main35
0x0353	0x0BFB      	DECFSZ     R11, 1
0x0354	0x2B4F      	GOTO       L_main35
0x0355	0x0000      	NOP
0x0356	0x0000      	NOP
;lcdPic.c,75 :: 		delay_ms(1000);
0x0357	0x300B      	MOVLW      11
0x0358	0x00FB      	MOVWF      R11
0x0359	0x3026      	MOVLW      38
0x035A	0x00FC      	MOVWF      R12
0x035B	0x305D      	MOVLW      93
0x035C	0x00FD      	MOVWF      R13
L_main36:
0x035D	0x0BFD      	DECFSZ     R13, 1
0x035E	0x2B5D      	GOTO       L_main36
0x035F	0x0BFC      	DECFSZ     R12, 1
0x0360	0x2B5D      	GOTO       L_main36
0x0361	0x0BFB      	DECFSZ     R11, 1
0x0362	0x2B5D      	GOTO       L_main36
0x0363	0x0000      	NOP
0x0364	0x0000      	NOP
;lcdPic.c,76 :: 		Lcd_Cmd(_LCD_SHIFT_LEFT);
0x0365	0x3018      	MOVLW      24
0x0366	0x00DD      	MOVWF      FARG_Lcd_Cmd_out_char
0x0367	0x201A      	CALL       _Lcd_Cmd
;lcdPic.c,77 :: 		delay_ms(500);
0x0368	0x3006      	MOVLW      6
0x0369	0x00FB      	MOVWF      R11
0x036A	0x3013      	MOVLW      19
0x036B	0x00FC      	MOVWF      R12
0x036C	0x30AD      	MOVLW      173
0x036D	0x00FD      	MOVWF      R13
L_main37:
0x036E	0x0BFD      	DECFSZ     R13, 1
0x036F	0x2B6E      	GOTO       L_main37
0x0370	0x0BFC      	DECFSZ     R12, 1
0x0371	0x2B6E      	GOTO       L_main37
0x0372	0x0BFB      	DECFSZ     R11, 1
0x0373	0x2B6E      	GOTO       L_main37
0x0374	0x0000      	NOP
0x0375	0x0000      	NOP
;lcdPic.c,78 :: 		delay_ms(1000);
0x0376	0x300B      	MOVLW      11
0x0377	0x00FB      	MOVWF      R11
0x0378	0x3026      	MOVLW      38
0x0379	0x00FC      	MOVWF      R12
0x037A	0x305D      	MOVLW      93
0x037B	0x00FD      	MOVWF      R13
L_main38:
0x037C	0x0BFD      	DECFSZ     R13, 1
0x037D	0x2B7C      	GOTO       L_main38
0x037E	0x0BFC      	DECFSZ     R12, 1
0x037F	0x2B7C      	GOTO       L_main38
0x0380	0x0BFB      	DECFSZ     R11, 1
0x0381	0x2B7C      	GOTO       L_main38
0x0382	0x0000      	NOP
0x0383	0x0000      	NOP
;lcdPic.c,79 :: 		Lcd_Cmd(_LCD_SHIFT_LEFT);
0x0384	0x3018      	MOVLW      24
0x0385	0x00DD      	MOVWF      FARG_Lcd_Cmd_out_char
0x0386	0x201A      	CALL       _Lcd_Cmd
;lcdPic.c,80 :: 		delay_ms(500);
0x0387	0x3006      	MOVLW      6
0x0388	0x00FB      	MOVWF      R11
0x0389	0x3013      	MOVLW      19
0x038A	0x00FC      	MOVWF      R12
0x038B	0x30AD      	MOVLW      173
0x038C	0x00FD      	MOVWF      R13
L_main39:
0x038D	0x0BFD      	DECFSZ     R13, 1
0x038E	0x2B8D      	GOTO       L_main39
0x038F	0x0BFC      	DECFSZ     R12, 1
0x0390	0x2B8D      	GOTO       L_main39
0x0391	0x0BFB      	DECFSZ     R11, 1
0x0392	0x2B8D      	GOTO       L_main39
0x0393	0x0000      	NOP
0x0394	0x0000      	NOP
;lcdPic.c,81 :: 		delay_ms(1000);
0x0395	0x300B      	MOVLW      11
0x0396	0x00FB      	MOVWF      R11
0x0397	0x3026      	MOVLW      38
0x0398	0x00FC      	MOVWF      R12
0x0399	0x305D      	MOVLW      93
0x039A	0x00FD      	MOVWF      R13
L_main40:
0x039B	0x0BFD      	DECFSZ     R13, 1
0x039C	0x2B9B      	GOTO       L_main40
0x039D	0x0BFC      	DECFSZ     R12, 1
0x039E	0x2B9B      	GOTO       L_main40
0x039F	0x0BFB      	DECFSZ     R11, 1
0x03A0	0x2B9B      	GOTO       L_main40
0x03A1	0x0000      	NOP
0x03A2	0x0000      	NOP
;lcdPic.c,82 :: 		Lcd_Cmd(_LCD_SHIFT_LEFT);
0x03A3	0x3018      	MOVLW      24
0x03A4	0x00DD      	MOVWF      FARG_Lcd_Cmd_out_char
0x03A5	0x201A      	CALL       _Lcd_Cmd
;lcdPic.c,83 :: 		delay_ms(500);
0x03A6	0x3006      	MOVLW      6
0x03A7	0x00FB      	MOVWF      R11
0x03A8	0x3013      	MOVLW      19
0x03A9	0x00FC      	MOVWF      R12
0x03AA	0x30AD      	MOVLW      173
0x03AB	0x00FD      	MOVWF      R13
L_main41:
0x03AC	0x0BFD      	DECFSZ     R13, 1
0x03AD	0x2BAC      	GOTO       L_main41
0x03AE	0x0BFC      	DECFSZ     R12, 1
0x03AF	0x2BAC      	GOTO       L_main41
0x03B0	0x0BFB      	DECFSZ     R11, 1
0x03B1	0x2BAC      	GOTO       L_main41
0x03B2	0x0000      	NOP
0x03B3	0x0000      	NOP
;lcdPic.c,84 :: 		Lcd_out( 1, 1, "ENG.");
0x03B4	0x3001      	MOVLW      1
0x03B5	0x00D8      	MOVWF      FARG_Lcd_Out_row
0x03B6	0x3001      	MOVLW      1
0x03B7	0x00D9      	MOVWF      FARG_Lcd_Out_column
0x03B8	0x3020      	MOVLW      ?lstr4_lcdPic
0x03B9	0x00DA      	MOVWF      FARG_Lcd_Out_text
0x03BA	0x2069      	CALL       _Lcd_Out
;lcdPic.c,85 :: 		Lcd_out(2, 1, "_FERNANDO Caxinda_");
0x03BB	0x3002      	MOVLW      2
0x03BC	0x00D8      	MOVWF      FARG_Lcd_Out_row
0x03BD	0x3001      	MOVLW      1
0x03BE	0x00D9      	MOVWF      FARG_Lcd_Out_column
0x03BF	0x3038      	MOVLW      ?lstr5_lcdPic
0x03C0	0x00DA      	MOVWF      FARG_Lcd_Out_text
0x03C1	0x2069      	CALL       _Lcd_Out
;lcdPic.c,86 :: 		}
0x03C2	0x293A      	GOTO       L_main0
;lcdPic.c,89 :: 		}
L_end_main:
0x03C3	0x2BC3      	GOTO       $+0
; end of _main
0x03FE	0x3020      	MOVLW      32
0x03FF	0x0084      	MOVWF      FSR
0x0400	0x3035      	MOVLW      53
0x0401	0x1283      	BCF        STATUS, 5
0x0402	0x1303      	BCF        STATUS, 6
0x0403	0x00F0      	MOVWF      R0
0x0404	0x30C9      	MOVLW      201
0x0405	0x00D5      	MOVWF      ___DoICPAddr
0x0406	0x3003      	MOVLW      3
0x0407	0x00D6      	MOVWF      86
0x0408	0x20DE      	CALL       222
0x0409	0x0008      	RETURN
;lcdPic.c,0 :: ?ICS?lstr4_lcdPic
0x03C9	0x3445 ;?ICS?lstr4_lcdPic+0
0x03CA	0x344E ;?ICS?lstr4_lcdPic+1
0x03CB	0x3447 ;?ICS?lstr4_lcdPic+2
0x03CC	0x342E ;?ICS?lstr4_lcdPic+3
0x03CD	0x3400 ;?ICS?lstr4_lcdPic+4
; end of ?ICS?lstr4_lcdPic
;lcdPic.c,0 :: ?ICS?lstr3_lcdPic
0x03CE	0x345F ;?ICS?lstr3_lcdPic+0
0x03CF	0x3446 ;?ICS?lstr3_lcdPic+1
0x03D0	0x3445 ;?ICS?lstr3_lcdPic+2
0x03D1	0x3452 ;?ICS?lstr3_lcdPic+3
0x03D2	0x344E ;?ICS?lstr3_lcdPic+4
0x03D3	0x3441 ;?ICS?lstr3_lcdPic+5
0x03D4	0x344E ;?ICS?lstr3_lcdPic+6
0x03D5	0x3444 ;?ICS?lstr3_lcdPic+7
0x03D6	0x344F ;?ICS?lstr3_lcdPic+8
0x03D7	0x3420 ;?ICS?lstr3_lcdPic+9
0x03D8	0x3443 ;?ICS?lstr3_lcdPic+10
0x03D9	0x3461 ;?ICS?lstr3_lcdPic+11
0x03DA	0x3478 ;?ICS?lstr3_lcdPic+12
0x03DB	0x3469 ;?ICS?lstr3_lcdPic+13
0x03DC	0x346E ;?ICS?lstr3_lcdPic+14
0x03DD	0x3464 ;?ICS?lstr3_lcdPic+15
0x03DE	0x3461 ;?ICS?lstr3_lcdPic+16
0x03DF	0x345F ;?ICS?lstr3_lcdPic+17
0x03E0	0x3400 ;?ICS?lstr3_lcdPic+18
; end of ?ICS?lstr3_lcdPic
;lcdPic.c,0 :: ?ICS?lstr5_lcdPic
0x03E1	0x345F ;?ICS?lstr5_lcdPic+0
0x03E2	0x3446 ;?ICS?lstr5_lcdPic+1
0x03E3	0x3445 ;?ICS?lstr5_lcdPic+2
0x03E4	0x3452 ;?ICS?lstr5_lcdPic+3
0x03E5	0x344E ;?ICS?lstr5_lcdPic+4
0x03E6	0x3441 ;?ICS?lstr5_lcdPic+5
0x03E7	0x344E ;?ICS?lstr5_lcdPic+6
0x03E8	0x3444 ;?ICS?lstr5_lcdPic+7
0x03E9	0x344F ;?ICS?lstr5_lcdPic+8
0x03EA	0x3420 ;?ICS?lstr5_lcdPic+9
0x03EB	0x3443 ;?ICS?lstr5_lcdPic+10
0x03EC	0x3461 ;?ICS?lstr5_lcdPic+11
0x03ED	0x3478 ;?ICS?lstr5_lcdPic+12
0x03EE	0x3469 ;?ICS?lstr5_lcdPic+13
0x03EF	0x346E ;?ICS?lstr5_lcdPic+14
0x03F0	0x3464 ;?ICS?lstr5_lcdPic+15
0x03F1	0x3461 ;?ICS?lstr5_lcdPic+16
0x03F2	0x345F ;?ICS?lstr5_lcdPic+17
0x03F3	0x3400 ;?ICS?lstr5_lcdPic+18
; end of ?ICS?lstr5_lcdPic
;lcdPic.c,0 :: ?ICS?lstr2_lcdPic
0x03F4	0x3445 ;?ICS?lstr2_lcdPic+0
0x03F5	0x344E ;?ICS?lstr2_lcdPic+1
0x03F6	0x3447 ;?ICS?lstr2_lcdPic+2
0x03F7	0x342E ;?ICS?lstr2_lcdPic+3
0x03F8	0x3400 ;?ICS?lstr2_lcdPic+4
; end of ?ICS?lstr2_lcdPic
;lcdPic.c,0 :: ?ICS?lstr1_lcdPic
0x03F9	0x3463 ;?ICS?lstr1_lcdPic+0
0x03FA	0x3461 ;?ICS?lstr1_lcdPic+1
0x03FB	0x3470 ;?ICS?lstr1_lcdPic+2
0x03FC	0x3461 ;?ICS?lstr1_lcdPic+3
0x03FD	0x3400 ;?ICS?lstr1_lcdPic+4
; end of ?ICS?lstr1_lcdPic
Symbol List:
//** Routines locations **
//ADDRESS    SIZE    PROCEDURE
//----------------------------------------------
0x0003       [7]    _Delay_50us
0x000A      [13]    _Delay_5500us
0x0017       [3]    _Delay_1us
0x001A      [64]    _Lcd_Cmd
0x005A       [7]    _____DoICP
0x0061       [8]    _Lcd_Chr_CP
0x0069      [64]    _Lcd_Out
0x00A9      [53]    _Lcd_Chr
0x00DE      [12]    ___CC2DW
0x00EA      [78]    _Lcd_Init
0x0138     [651]    _main
//** Variables locations ** 
//ADDRESS    SIZE    VARIABLE
//----------------------------------------------
0x0000       [1]    INDF
0x0002       [1]    PCL
0x0003       [1]    STATUS
0x0004       [1]    FSR
0x0008       [0]    LCD_D7
0x0008       [0]    LCD_D6
0x0008       [0]    LCD_EN
0x0008       [0]    LCD_RS
0x0008       [0]    LCD_D5
0x0008       [0]    LCD_D4
0x0008       [0]    RD2_bit
0x0008       [0]    RD6_bit
0x0008       [0]    RD7_bit
0x0008       [0]    RD4_bit
0x0008       [0]    RD5_bit
0x0008       [0]    RD3_bit
0x000A       [1]    PCLATH
0x0020       [5]    ?lstr4_lcdPic
0x0025      [19]    ?lstr3_lcdPic
0x0038      [19]    ?lstr5_lcdPic
0x004B       [5]    ?lstr2_lcdPic
0x0050       [5]    ?lstr1_lcdPic
0x0055       [2]    ___DoICPAddr
0x0057       [0]    __Lib_Lcd_cmd_status
0x0058       [1]    FARG_Lcd_Out_row
0x0058       [1]    FARG_Lcd_Chr_row
0x0059       [1]    FARG_Lcd_Out_column
0x0059       [1]    FARG_Lcd_Chr_column
0x005A       [1]    FARG_Lcd_Chr_out_char
0x005A       [1]    FARG_Lcd_Out_text
0x005B       [1]    Lcd_Out_i_L0
0x005C       [1]    FARG_Lcd_Chr_CP_out_char
0x005D       [1]    FARG_Lcd_Cmd_out_char
0x0070       [1]    R0
0x0071       [1]    R1
0x0072       [1]    R2
0x0073       [1]    R3
0x0074       [1]    R4
0x0075       [1]    R5
0x0076       [1]    R6
0x0077       [1]    R7
0x0078       [1]    R8
0x0079       [1]    R9
0x007A       [1]    R10
0x007B       [1]    R11
0x007C       [1]    R12
0x007D       [1]    R13
0x007E       [1]    R14
0x007F       [1]    R15
0x0088       [0]    TRISD2_bit
0x0088       [0]    LCD_D7_Direction
0x0088       [0]    TRISD4_bit
0x0088       [0]    TRISD3_bit
0x0088       [0]    TRISD5_bit
0x0088       [0]    TRISD7_bit
0x0088       [0]    LCD_RS_Direction
0x0088       [0]    TRISD6_bit
0x0088       [0]    LCD_EN_Direction
0x0088       [0]    LCD_D5_Direction
0x0088       [0]    LCD_D6_Direction
0x0088       [0]    LCD_D4_Direction
//** Constants locations ** 
//ADDRESS    SIZE    CONSTANT
//----------------------------------------------
0x03C9       [5]    ?ICS?lstr4_lcdPic
0x03CE      [19]    ?ICS?lstr3_lcdPic
0x03E1      [19]    ?ICS?lstr5_lcdPic
0x03F4       [5]    ?ICS?lstr2_lcdPic
0x03F9       [5]    ?ICS?lstr1_lcdPic
