;  LST file generated by mikroListExporter - v.2.0 
; Date/Time: 22/09/2026 18:46:21
;----------------------------------------------

;Address Opcode 	ASM
0x0000	0x2979      	GOTO       377
_Delay_50us:
;__Lib_Delays.c,19 :: 		void Delay_50us() {
;__Lib_Delays.c,20 :: 		Delay_us(50);
0x0003	0x3021      	MOVLW      33
0x0004	0x1283      	BCF        STATUS, 5
0x0005	0x1303      	BCF        STATUS, 6
0x0006	0x00FD      	MOVWF      R13
L_Delay_50us2:
0x0007	0x0BFD      	DECFSZ     R13, 1
0x0008	0x2807      	GOTO       L_Delay_50us2
;__Lib_Delays.c,21 :: 		}
L_end_Delay_50us:
0x0009	0x0008      	RETURN
; end of _Delay_50us
_Delay_1us:
;__Lib_Delays.c,7 :: 		void Delay_1us() {
;__Lib_Delays.c,8 :: 		Delay_us(1);
0x000A	0x0000      	NOP
0x000B	0x0000      	NOP
;__Lib_Delays.c,9 :: 		}
L_end_Delay_1us:
0x000C	0x0008      	RETURN
; end of _Delay_1us
_Delay_5500us:
;__Lib_Delays.c,31 :: 		void Delay_5500us() {
;__Lib_Delays.c,32 :: 		Delay_us(5500);
0x000D	0x300F      	MOVLW      15
0x000E	0x1283      	BCF        STATUS, 5
0x000F	0x1303      	BCF        STATUS, 6
0x0010	0x00FC      	MOVWF      R12
0x0011	0x3047      	MOVLW      71
0x0012	0x00FD      	MOVWF      R13
L_Delay_5500us5:
0x0013	0x0BFD      	DECFSZ     R13, 1
0x0014	0x2813      	GOTO       L_Delay_5500us5
0x0015	0x0BFC      	DECFSZ     R12, 1
0x0016	0x2813      	GOTO       L_Delay_5500us5
0x0017	0x0000      	NOP
0x0018	0x0000      	NOP
;__Lib_Delays.c,33 :: 		}
L_end_Delay_5500us:
0x0019	0x0008      	RETURN
; end of _Delay_5500us
_Lcd_Cmd:
;__Lib_Lcd.c,18 :: 		
;__Lib_Lcd.c,20 :: 		
0x001A	0x1683      	BSF        STATUS, 5
0x001B	0x1303      	BCF        STATUS, 6
0x001C	0x1BE9      	BTFSC      FARG_Lcd_Cmd_out_char, 7
0x001D	0x2821      	GOTO       L__Lcd_Cmd21
0x001E	0x1283      	BCF        STATUS, 5
0x001F	0x1306      	BCF        LCD_D7, BitPos(LCD_D7+0)
0x0020	0x2823      	GOTO       L__Lcd_Cmd22
L__Lcd_Cmd21:
0x0021	0x1283      	BCF        STATUS, 5
0x0022	0x1706      	BSF        LCD_D7, BitPos(LCD_D7+0)
L__Lcd_Cmd22:
;__Lib_Lcd.c,21 :: 		
0x0023	0x1683      	BSF        STATUS, 5
0x0024	0x1B69      	BTFSC      FARG_Lcd_Cmd_out_char, 6
0x0025	0x2829      	GOTO       L__Lcd_Cmd23
0x0026	0x1283      	BCF        STATUS, 5
0x0027	0x1286      	BCF        LCD_D6, BitPos(LCD_D6+0)
0x0028	0x282B      	GOTO       L__Lcd_Cmd24
L__Lcd_Cmd23:
0x0029	0x1283      	BCF        STATUS, 5
0x002A	0x1686      	BSF        LCD_D6, BitPos(LCD_D6+0)
L__Lcd_Cmd24:
;__Lib_Lcd.c,22 :: 		
0x002B	0x1683      	BSF        STATUS, 5
0x002C	0x1AE9      	BTFSC      FARG_Lcd_Cmd_out_char, 5
0x002D	0x2831      	GOTO       L__Lcd_Cmd25
0x002E	0x1283      	BCF        STATUS, 5
0x002F	0x1206      	BCF        LCD_D5, BitPos(LCD_D5+0)
0x0030	0x2833      	GOTO       L__Lcd_Cmd26
L__Lcd_Cmd25:
0x0031	0x1283      	BCF        STATUS, 5
0x0032	0x1606      	BSF        LCD_D5, BitPos(LCD_D5+0)
L__Lcd_Cmd26:
;__Lib_Lcd.c,23 :: 		
0x0033	0x1683      	BSF        STATUS, 5
0x0034	0x1A69      	BTFSC      FARG_Lcd_Cmd_out_char, 4
0x0035	0x2839      	GOTO       L__Lcd_Cmd27
0x0036	0x1283      	BCF        STATUS, 5
0x0037	0x1186      	BCF        LCD_D4, BitPos(LCD_D4+0)
0x0038	0x283B      	GOTO       L__Lcd_Cmd28
L__Lcd_Cmd27:
0x0039	0x1283      	BCF        STATUS, 5
0x003A	0x1586      	BSF        LCD_D4, BitPos(LCD_D4+0)
L__Lcd_Cmd28:
;__Lib_Lcd.c,25 :: 		
0x003B	0x186F      	BTFSC      __Lib_Lcd_cmd_status, BitPos(__Lib_Lcd_cmd_status+0)
0x003C	0x283F      	GOTO       L__Lcd_Cmd29
0x003D	0x1406      	BSF        LCD_RS, BitPos(LCD_RS+0)
0x003E	0x2840      	GOTO       L__Lcd_Cmd30
L__Lcd_Cmd29:
0x003F	0x1006      	BCF        LCD_RS, BitPos(LCD_RS+0)
L__Lcd_Cmd30:
;__Lib_Lcd.c,28 :: 		
0x0040	0x1506      	BSF        LCD_EN, BitPos(LCD_EN+0)
;__Lib_Lcd.c,29 :: 		
0x0041	0x200A      	CALL       _Delay_1us
;__Lib_Lcd.c,30 :: 		
0x0042	0x1106      	BCF        LCD_EN, BitPos(LCD_EN+0)
;__Lib_Lcd.c,33 :: 		
0x0043	0x1683      	BSF        STATUS, 5
0x0044	0x19E9      	BTFSC      FARG_Lcd_Cmd_out_char, 3
0x0045	0x2849      	GOTO       L__Lcd_Cmd31
0x0046	0x1283      	BCF        STATUS, 5
0x0047	0x1306      	BCF        LCD_D7, BitPos(LCD_D7+0)
0x0048	0x284B      	GOTO       L__Lcd_Cmd32
L__Lcd_Cmd31:
0x0049	0x1283      	BCF        STATUS, 5
0x004A	0x1706      	BSF        LCD_D7, BitPos(LCD_D7+0)
L__Lcd_Cmd32:
;__Lib_Lcd.c,34 :: 		
0x004B	0x1683      	BSF        STATUS, 5
0x004C	0x1969      	BTFSC      FARG_Lcd_Cmd_out_char, 2
0x004D	0x2851      	GOTO       L__Lcd_Cmd33
0x004E	0x1283      	BCF        STATUS, 5
0x004F	0x1286      	BCF        LCD_D6, BitPos(LCD_D6+0)
0x0050	0x2853      	GOTO       L__Lcd_Cmd34
L__Lcd_Cmd33:
0x0051	0x1283      	BCF        STATUS, 5
0x0052	0x1686      	BSF        LCD_D6, BitPos(LCD_D6+0)
L__Lcd_Cmd34:
;__Lib_Lcd.c,35 :: 		
0x0053	0x1683      	BSF        STATUS, 5
0x0054	0x18E9      	BTFSC      FARG_Lcd_Cmd_out_char, 1
0x0055	0x2859      	GOTO       L__Lcd_Cmd35
0x0056	0x1283      	BCF        STATUS, 5
0x0057	0x1206      	BCF        LCD_D5, BitPos(LCD_D5+0)
0x0058	0x285B      	GOTO       L__Lcd_Cmd36
L__Lcd_Cmd35:
0x0059	0x1283      	BCF        STATUS, 5
0x005A	0x1606      	BSF        LCD_D5, BitPos(LCD_D5+0)
L__Lcd_Cmd36:
;__Lib_Lcd.c,36 :: 		
0x005B	0x1683      	BSF        STATUS, 5
0x005C	0x1869      	BTFSC      FARG_Lcd_Cmd_out_char, 0
0x005D	0x2861      	GOTO       L__Lcd_Cmd37
0x005E	0x1283      	BCF        STATUS, 5
0x005F	0x1186      	BCF        LCD_D4, BitPos(LCD_D4+0)
0x0060	0x2863      	GOTO       L__Lcd_Cmd38
L__Lcd_Cmd37:
0x0061	0x1283      	BCF        STATUS, 5
0x0062	0x1586      	BSF        LCD_D4, BitPos(LCD_D4+0)
L__Lcd_Cmd38:
;__Lib_Lcd.c,38 :: 		
0x0063	0x186F      	BTFSC      __Lib_Lcd_cmd_status, BitPos(__Lib_Lcd_cmd_status+0)
0x0064	0x2867      	GOTO       L__Lcd_Cmd39
0x0065	0x1406      	BSF        LCD_RS, BitPos(LCD_RS+0)
0x0066	0x2868      	GOTO       L__Lcd_Cmd40
L__Lcd_Cmd39:
0x0067	0x1006      	BCF        LCD_RS, BitPos(LCD_RS+0)
L__Lcd_Cmd40:
;__Lib_Lcd.c,40 :: 		
0x0068	0x1506      	BSF        LCD_EN, BitPos(LCD_EN+0)
;__Lib_Lcd.c,41 :: 		
0x0069	0x200A      	CALL       _Delay_1us
;__Lib_Lcd.c,42 :: 		
0x006A	0x1106      	BCF        LCD_EN, BitPos(LCD_EN+0)
;__Lib_Lcd.c,44 :: 		
0x006B	0x1C6F      	BTFSS      __Lib_Lcd_cmd_status, BitPos(__Lib_Lcd_cmd_status+0)
0x006C	0x286F      	GOTO       L_Lcd_Cmd0
;__Lib_Lcd.c,45 :: 		
0x006D	0x200D      	CALL       _Delay_5500us
0x006E	0x2870      	GOTO       L_Lcd_Cmd1
L_Lcd_Cmd0:
;__Lib_Lcd.c,47 :: 		
0x006F	0x2003      	CALL       _Delay_50us
L_Lcd_Cmd1:
;__Lib_Lcd.c,48 :: 		
L_end_Lcd_Cmd:
0x0070	0x0008      	RETURN
; end of _Lcd_Cmd
_Lcd_Chr_CP:
;__Lib_Lcd.c,50 :: 		
;__Lib_Lcd.c,52 :: 		
0x0071	0x1283      	BCF        STATUS, 5
0x0072	0x1303      	BCF        STATUS, 6
0x0073	0x106F      	BCF        __Lib_Lcd_cmd_status, BitPos(__Lib_Lcd_cmd_status+0)
;__Lib_Lcd.c,53 :: 		
0x0074	0x1683      	BSF        STATUS, 5
0x0075	0x0868      	MOVF       FARG_Lcd_Chr_CP_out_char, 0
0x0076	0x00E9      	MOVWF      FARG_Lcd_Cmd_out_char
0x0077	0x201A      	CALL       _Lcd_Cmd
;__Lib_Lcd.c,54 :: 		
0x0078	0x146F      	BSF        __Lib_Lcd_cmd_status, BitPos(__Lib_Lcd_cmd_status+0)
;__Lib_Lcd.c,55 :: 		
L_end_Lcd_Chr_CP:
0x0079	0x0008      	RETURN
; end of _Lcd_Chr_CP
_____DoICP:
;__Lib_System.c,6 :: 		
;__Lib_System.c,9 :: 		
0x007A	0x1683      	BSF        STATUS, 5
0x007B	0x1303      	BCF        STATUS, 6
0x007C	0x085D      	MOVF       ___DoICPAddr+1, 0
0x007D	0x008A      	MOVWF      PCLATH
;__Lib_System.c,10 :: 		
0x007E	0x085C      	MOVF       ___DoICPAddr, 0
0x007F	0x0082      	MOVWF      PCL
;__Lib_System.c,12 :: 		
L_end_____DoICP:
0x0080	0x0008      	RETURN
; end of _____DoICP
_Lcd_Out:
;__Lib_Lcd.c,184 :: 		
;__Lib_Lcd.c,187 :: 		
0x0081	0x2893      	GOTO       L_Lcd_Out11
;__Lib_Lcd.c,188 :: 		
L_Lcd_Out13:
0x0082	0x3080      	MOVLW      128
0x0083	0x1683      	BSF        STATUS, 5
0x0084	0x1303      	BCF        STATUS, 6
0x0085	0x00E4      	MOVWF      FARG_Lcd_Out_row
0x0086	0x28A6      	GOTO       L_Lcd_Out12
;__Lib_Lcd.c,189 :: 		
L_Lcd_Out14:
0x0087	0x30C0      	MOVLW      192
0x0088	0x00E4      	MOVWF      FARG_Lcd_Out_row
0x0089	0x28A6      	GOTO       L_Lcd_Out12
;__Lib_Lcd.c,190 :: 		
L_Lcd_Out15:
0x008A	0x3094      	MOVLW      148
0x008B	0x00E4      	MOVWF      FARG_Lcd_Out_row
0x008C	0x28A6      	GOTO       L_Lcd_Out12
;__Lib_Lcd.c,191 :: 		
L_Lcd_Out16:
0x008D	0x30D4      	MOVLW      212
0x008E	0x00E4      	MOVWF      FARG_Lcd_Out_row
0x008F	0x28A6      	GOTO       L_Lcd_Out12
;__Lib_Lcd.c,192 :: 		
L_Lcd_Out17:
0x0090	0x3080      	MOVLW      128
0x0091	0x00E4      	MOVWF      FARG_Lcd_Out_row
;__Lib_Lcd.c,193 :: 		
0x0092	0x28A6      	GOTO       L_Lcd_Out12
L_Lcd_Out11:
0x0093	0x1683      	BSF        STATUS, 5
0x0094	0x1303      	BCF        STATUS, 6
0x0095	0x0864      	MOVF       FARG_Lcd_Out_row, 0
0x0096	0x3A01      	XORLW      1
0x0097	0x1903      	BTFSC      STATUS, 2
0x0098	0x2882      	GOTO       L_Lcd_Out13
0x0099	0x0864      	MOVF       FARG_Lcd_Out_row, 0
0x009A	0x3A02      	XORLW      2
0x009B	0x1903      	BTFSC      STATUS, 2
0x009C	0x2887      	GOTO       L_Lcd_Out14
0x009D	0x0864      	MOVF       FARG_Lcd_Out_row, 0
0x009E	0x3A03      	XORLW      3
0x009F	0x1903      	BTFSC      STATUS, 2
0x00A0	0x288A      	GOTO       L_Lcd_Out15
0x00A1	0x0864      	MOVF       FARG_Lcd_Out_row, 0
0x00A2	0x3A04      	XORLW      4
0x00A3	0x1903      	BTFSC      STATUS, 2
0x00A4	0x288D      	GOTO       L_Lcd_Out16
0x00A5	0x2890      	GOTO       L_Lcd_Out17
L_Lcd_Out12:
;__Lib_Lcd.c,194 :: 		
0x00A6	0x0365      	DECF       FARG_Lcd_Out_column, 0
0x00A7	0x00F0      	MOVWF      R0
0x00A8	0x0864      	MOVF       FARG_Lcd_Out_row, 0
0x00A9	0x07F0      	ADDWF      R0, 1
0x00AA	0x0870      	MOVF       R0, 0
0x00AB	0x00E4      	MOVWF      FARG_Lcd_Out_row
;__Lib_Lcd.c,196 :: 		
0x00AC	0x0870      	MOVF       R0, 0
0x00AD	0x00E9      	MOVWF      FARG_Lcd_Cmd_out_char
0x00AE	0x201A      	CALL       _Lcd_Cmd
;__Lib_Lcd.c,197 :: 		
0x00AF	0x106F      	BCF        __Lib_Lcd_cmd_status, BitPos(__Lib_Lcd_cmd_status+0)
;__Lib_Lcd.c,198 :: 		
0x00B0	0x1683      	BSF        STATUS, 5
0x00B1	0x01E7      	CLRF       Lcd_Out_i_L0
;__Lib_Lcd.c,199 :: 		
L_Lcd_Out18:
0x00B2	0x0867      	MOVF       Lcd_Out_i_L0, 0
0x00B3	0x0766      	ADDWF      FARG_Lcd_Out_text, 0
0x00B4	0x0084      	MOVWF      FSR
0x00B5	0x0800      	MOVF       INDF, 0
0x00B6	0x1903      	BTFSC      STATUS, 2
0x00B7	0x28C1      	GOTO       L_Lcd_Out19
;__Lib_Lcd.c,200 :: 		
0x00B8	0x0867      	MOVF       Lcd_Out_i_L0, 0
0x00B9	0x0766      	ADDWF      FARG_Lcd_Out_text, 0
0x00BA	0x0084      	MOVWF      FSR
0x00BB	0x0800      	MOVF       INDF, 0
0x00BC	0x00E8      	MOVWF      FARG_Lcd_Chr_CP_out_char
0x00BD	0x2071      	CALL       _Lcd_Chr_CP
0x00BE	0x1683      	BSF        STATUS, 5
0x00BF	0x0AE7      	INCF       Lcd_Out_i_L0, 1
0x00C0	0x28B2      	GOTO       L_Lcd_Out18
L_Lcd_Out19:
;__Lib_Lcd.c,201 :: 		
0x00C1	0x1283      	BCF        STATUS, 5
0x00C2	0x146F      	BSF        __Lib_Lcd_cmd_status, BitPos(__Lib_Lcd_cmd_status+0)
;__Lib_Lcd.c,202 :: 		
L_end_Lcd_Out:
0x00C3	0x0008      	RETURN
; end of _Lcd_Out
_Delay_500us:
;__Lib_Delays.c,27 :: 		void Delay_500us() {
;__Lib_Delays.c,28 :: 		Delay_us(498);
0x00C4	0x3002      	MOVLW      2
0x00C5	0x1283      	BCF        STATUS, 5
0x00C6	0x1303      	BCF        STATUS, 6
0x00C7	0x00FC      	MOVWF      R12
0x00C8	0x3049      	MOVLW      73
0x00C9	0x00FD      	MOVWF      R13
L_Delay_500us4:
0x00CA	0x0BFD      	DECFSZ     R13, 1
0x00CB	0x28CA      	GOTO       L_Delay_500us4
0x00CC	0x0BFC      	DECFSZ     R12, 1
0x00CD	0x28CA      	GOTO       L_Delay_500us4
0x00CE	0x0000      	NOP
0x00CF	0x0000      	NOP
;__Lib_Delays.c,29 :: 		}
L_end_Delay_500us:
0x00D0	0x0008      	RETURN
; end of _Delay_500us
_limparLinha1:
;sequencParAcendLed.c,71 :: 		void limparLinha1(){
;sequencParAcendLed.c,72 :: 		Lcd_Out(1, 1, "                                    ");
0x00D1	0x3001      	MOVLW      1
0x00D2	0x1683      	BSF        STATUS, 5
0x00D3	0x1303      	BCF        STATUS, 6
0x00D4	0x00E4      	MOVWF      FARG_Lcd_Out_row
0x00D5	0x3001      	MOVLW      1
0x00D6	0x00E5      	MOVWF      FARG_Lcd_Out_column
0x00D7	0x3020      	MOVLW      ?lstr9_sequencParAcendLed
0x00D8	0x00E6      	MOVWF      FARG_Lcd_Out_text
0x00D9	0x2081      	CALL       _Lcd_Out
;sequencParAcendLed.c,73 :: 		}
L_end_limparLinha1:
0x00DA	0x0008      	RETURN
; end of _limparLinha1
_Lcd_Init:
;__Lib_Lcd.c,84 :: 		
;__Lib_Lcd.c,86 :: 		
0x00DB	0x1683      	BSF        STATUS, 5
0x00DC	0x1303      	BCF        STATUS, 6
0x00DD	0x1106      	BCF        LCD_EN_Direction, BitPos(LCD_EN_Direction+0)
;__Lib_Lcd.c,87 :: 		
0x00DE	0x1006      	BCF        LCD_RS_Direction, BitPos(LCD_RS_Direction+0)
;__Lib_Lcd.c,88 :: 		
0x00DF	0x1186      	BCF        LCD_D4_Direction, BitPos(LCD_D4_Direction+0)
;__Lib_Lcd.c,89 :: 		
0x00E0	0x1206      	BCF        LCD_D5_Direction, BitPos(LCD_D5_Direction+0)
;__Lib_Lcd.c,90 :: 		
0x00E1	0x1286      	BCF        LCD_D6_Direction, BitPos(LCD_D6_Direction+0)
;__Lib_Lcd.c,91 :: 		
0x00E2	0x1306      	BCF        LCD_D7_Direction, BitPos(LCD_D7_Direction+0)
;__Lib_Lcd.c,93 :: 		
0x00E3	0x1283      	BCF        STATUS, 5
0x00E4	0x1106      	BCF        LCD_EN, BitPos(LCD_EN+0)
;__Lib_Lcd.c,94 :: 		
0x00E5	0x1006      	BCF        LCD_RS, BitPos(LCD_RS+0)
;__Lib_Lcd.c,95 :: 		
0x00E6	0x1306      	BCF        LCD_D7, BitPos(LCD_D7+0)
;__Lib_Lcd.c,96 :: 		
0x00E7	0x1286      	BCF        LCD_D6, BitPos(LCD_D6+0)
;__Lib_Lcd.c,97 :: 		
0x00E8	0x1206      	BCF        LCD_D5, BitPos(LCD_D5+0)
;__Lib_Lcd.c,98 :: 		
0x00E9	0x1186      	BCF        LCD_D4, BitPos(LCD_D4+0)
;__Lib_Lcd.c,100 :: 		
0x00EA	0x200D      	CALL       _Delay_5500us
;__Lib_Lcd.c,101 :: 		
0x00EB	0x200D      	CALL       _Delay_5500us
;__Lib_Lcd.c,102 :: 		
0x00EC	0x200D      	CALL       _Delay_5500us
;__Lib_Lcd.c,105 :: 		
0x00ED	0x1606      	BSF        LCD_D5, BitPos(LCD_D5+0)
;__Lib_Lcd.c,106 :: 		
0x00EE	0x1586      	BSF        LCD_D4, BitPos(LCD_D4+0)
;__Lib_Lcd.c,107 :: 		
0x00EF	0x1506      	BSF        LCD_EN, BitPos(LCD_EN+0)
;__Lib_Lcd.c,108 :: 		
0x00F0	0x200A      	CALL       _Delay_1us
;__Lib_Lcd.c,109 :: 		
0x00F1	0x1106      	BCF        LCD_EN, BitPos(LCD_EN+0)
;__Lib_Lcd.c,110 :: 		
0x00F2	0x200D      	CALL       _Delay_5500us
;__Lib_Lcd.c,112 :: 		
0x00F3	0x1506      	BSF        LCD_EN, BitPos(LCD_EN+0)
;__Lib_Lcd.c,113 :: 		
0x00F4	0x200A      	CALL       _Delay_1us
;__Lib_Lcd.c,114 :: 		
0x00F5	0x1106      	BCF        LCD_EN, BitPos(LCD_EN+0)
;__Lib_Lcd.c,115 :: 		
0x00F6	0x200D      	CALL       _Delay_5500us
;__Lib_Lcd.c,117 :: 		
0x00F7	0x1506      	BSF        LCD_EN, BitPos(LCD_EN+0)
;__Lib_Lcd.c,118 :: 		
0x00F8	0x200A      	CALL       _Delay_1us
;__Lib_Lcd.c,119 :: 		
0x00F9	0x1106      	BCF        LCD_EN, BitPos(LCD_EN+0)
;__Lib_Lcd.c,120 :: 		
0x00FA	0x200D      	CALL       _Delay_5500us
;__Lib_Lcd.c,123 :: 		
0x00FB	0x1186      	BCF        LCD_D4, BitPos(LCD_D4+0)
;__Lib_Lcd.c,124 :: 		
0x00FC	0x1506      	BSF        LCD_EN, BitPos(LCD_EN+0)
;__Lib_Lcd.c,125 :: 		
0x00FD	0x200A      	CALL       _Delay_1us
;__Lib_Lcd.c,126 :: 		
0x00FE	0x1106      	BCF        LCD_EN, BitPos(LCD_EN+0)
;__Lib_Lcd.c,127 :: 		
0x00FF	0x200D      	CALL       _Delay_5500us
;__Lib_Lcd.c,130 :: 		
0x0100	0x1506      	BSF        LCD_EN, BitPos(LCD_EN+0)
;__Lib_Lcd.c,131 :: 		
0x0101	0x200A      	CALL       _Delay_1us
;__Lib_Lcd.c,132 :: 		
0x0102	0x1106      	BCF        LCD_EN, BitPos(LCD_EN+0)
;__Lib_Lcd.c,134 :: 		
0x0103	0x1206      	BCF        LCD_D5, BitPos(LCD_D5+0)
;__Lib_Lcd.c,135 :: 		
0x0104	0x1706      	BSF        LCD_D7, BitPos(LCD_D7+0)
;__Lib_Lcd.c,136 :: 		
0x0105	0x1506      	BSF        LCD_EN, BitPos(LCD_EN+0)
;__Lib_Lcd.c,137 :: 		
0x0106	0x200A      	CALL       _Delay_1us
;__Lib_Lcd.c,138 :: 		
0x0107	0x1106      	BCF        LCD_EN, BitPos(LCD_EN+0)
;__Lib_Lcd.c,139 :: 		
0x0108	0x200D      	CALL       _Delay_5500us
;__Lib_Lcd.c,142 :: 		
0x0109	0x1306      	BCF        LCD_D7, BitPos(LCD_D7+0)
;__Lib_Lcd.c,143 :: 		
0x010A	0x1586      	BSF        LCD_D4, BitPos(LCD_D4+0)
;__Lib_Lcd.c,144 :: 		
0x010B	0x1506      	BSF        LCD_EN, BitPos(LCD_EN+0)
;__Lib_Lcd.c,145 :: 		
0x010C	0x200A      	CALL       _Delay_1us
;__Lib_Lcd.c,146 :: 		
0x010D	0x1106      	BCF        LCD_EN, BitPos(LCD_EN+0)
;__Lib_Lcd.c,148 :: 		
0x010E	0x1186      	BCF        LCD_D4, BitPos(LCD_D4+0)
;__Lib_Lcd.c,149 :: 		
0x010F	0x1506      	BSF        LCD_EN, BitPos(LCD_EN+0)
;__Lib_Lcd.c,150 :: 		
0x0110	0x200A      	CALL       _Delay_1us
;__Lib_Lcd.c,151 :: 		
0x0111	0x1106      	BCF        LCD_EN, BitPos(LCD_EN+0)
;__Lib_Lcd.c,152 :: 		
0x0112	0x200D      	CALL       _Delay_5500us
;__Lib_Lcd.c,155 :: 		
0x0113	0x1506      	BSF        LCD_EN, BitPos(LCD_EN+0)
;__Lib_Lcd.c,156 :: 		
0x0114	0x200A      	CALL       _Delay_1us
;__Lib_Lcd.c,157 :: 		
0x0115	0x1106      	BCF        LCD_EN, BitPos(LCD_EN+0)
;__Lib_Lcd.c,159 :: 		
0x0116	0x1586      	BSF        LCD_D4, BitPos(LCD_D4+0)
;__Lib_Lcd.c,160 :: 		
0x0117	0x1506      	BSF        LCD_EN, BitPos(LCD_EN+0)
;__Lib_Lcd.c,161 :: 		
0x0118	0x200A      	CALL       _Delay_1us
;__Lib_Lcd.c,162 :: 		
0x0119	0x1106      	BCF        LCD_EN, BitPos(LCD_EN+0)
;__Lib_Lcd.c,163 :: 		
0x011A	0x200D      	CALL       _Delay_5500us
;__Lib_Lcd.c,166 :: 		
0x011B	0x1186      	BCF        LCD_D4, BitPos(LCD_D4+0)
;__Lib_Lcd.c,167 :: 		
0x011C	0x1506      	BSF        LCD_EN, BitPos(LCD_EN+0)
;__Lib_Lcd.c,168 :: 		
0x011D	0x200A      	CALL       _Delay_1us
;__Lib_Lcd.c,169 :: 		
0x011E	0x1106      	BCF        LCD_EN, BitPos(LCD_EN+0)
;__Lib_Lcd.c,171 :: 		
0x011F	0x1706      	BSF        LCD_D7, BitPos(LCD_D7+0)
;__Lib_Lcd.c,172 :: 		
0x0120	0x1686      	BSF        LCD_D6, BitPos(LCD_D6+0)
;__Lib_Lcd.c,173 :: 		
0x0121	0x1606      	BSF        LCD_D5, BitPos(LCD_D5+0)
;__Lib_Lcd.c,174 :: 		
0x0122	0x1586      	BSF        LCD_D4, BitPos(LCD_D4+0)
;__Lib_Lcd.c,175 :: 		
0x0123	0x1506      	BSF        LCD_EN, BitPos(LCD_EN+0)
;__Lib_Lcd.c,176 :: 		
0x0124	0x200A      	CALL       _Delay_1us
;__Lib_Lcd.c,177 :: 		
0x0125	0x1106      	BCF        LCD_EN, BitPos(LCD_EN+0)
;__Lib_Lcd.c,179 :: 		
0x0126	0x200D      	CALL       _Delay_5500us
;__Lib_Lcd.c,181 :: 		
0x0127	0x146F      	BSF        __Lib_Lcd_cmd_status, BitPos(__Lib_Lcd_cmd_status+0)
;__Lib_Lcd.c,182 :: 		
L_end_Lcd_Init:
0x0128	0x0008      	RETURN
; end of _Lcd_Init
_limparLinha2:
;sequencParAcendLed.c,75 :: 		void limparLinha2(){
;sequencParAcendLed.c,76 :: 		Lcd_Out(2, 1, "                                     ");
0x0129	0x3002      	MOVLW      2
0x012A	0x1683      	BSF        STATUS, 5
0x012B	0x1303      	BCF        STATUS, 6
0x012C	0x00E4      	MOVWF      FARG_Lcd_Out_row
0x012D	0x3001      	MOVLW      1
0x012E	0x00E5      	MOVWF      FARG_Lcd_Out_column
0x012F	0x30A0      	MOVLW      ?lstr10_sequencParAcendLed
0x0130	0x00E6      	MOVWF      FARG_Lcd_Out_text
0x0131	0x2081      	CALL       _Lcd_Out
;sequencParAcendLed.c,77 :: 		}
L_end_limparLinha2:
0x0132	0x0008      	RETURN
; end of _limparLinha2
___CC2DW:
;__Lib_System.c,134 :: 		
;__Lib_System.c,137 :: 		
_CC2D_Loop1:
;__Lib_System.c,139 :: 		
0x0133	0x207A      	CALL       _____DoICP
0x0134	0x118A      	BCF        PCLATH, 3
0x0135	0x120A      	BCF        PCLATH, 4
;__Lib_System.c,141 :: 		
0x0136	0x0080      	MOVWF      INDF
;__Lib_System.c,142 :: 		
0x0137	0x0A84      	INCF       FSR, 1
;__Lib_System.c,143 :: 		
0x0138	0x0ADC      	INCF       ___DoICPAddr, 1
;__Lib_System.c,145 :: 		
0x0139	0x1903      	BTFSC      STATUS, 2
;__Lib_System.c,146 :: 		
0x013A	0x0ADD      	INCF       ___DoICPAddr+1, 1
;__Lib_System.c,147 :: 		
0x013B	0x03F0      	DECF       R0, 1
;__Lib_System.c,149 :: 		
0x013C	0x1D03      	BTFSS      STATUS, 2
;__Lib_System.c,150 :: 		
0x013D	0x2933      	GOTO       _CC2D_Loop1
;__Lib_System.c,152 :: 		
L_end___CC2DW:
0x013E	0x0008      	RETURN
; end of ___CC2DW
_Button:
;__Lib_Button.c,6 :: 		
;__Lib_Button.c,8 :: 		
0x013F	0x1683      	BSF        STATUS, 5
0x0140	0x1303      	BCF        STATUS, 6
0x0141	0x01E3      	CLRF       Button_rslt_L0
;__Lib_Button.c,11 :: 		
0x0142	0x085F      	MOVF       FARG_Button_pin, 0
0x0143	0x00F1      	MOVWF      R1
0x0144	0x3001      	MOVLW      1
0x0145	0x00F0      	MOVWF      R0
0x0146	0x0871      	MOVF       R1, 0
L__Button5:
0x0147	0x1903      	BTFSC      STATUS, 2
0x0148	0x294D      	GOTO       L__Button6
0x0149	0x0DF0      	RLF        R0, 1
0x014A	0x1070      	BCF        R0, 0
0x014B	0x3EFF      	ADDLW      255
0x014C	0x2947      	GOTO       L__Button5
L__Button6:
0x014D	0x0870      	MOVF       R0, 0
0x014E	0x00E2      	MOVWF      Button_pMask_L0
;__Lib_Button.c,13 :: 		
0x014F	0x085E      	MOVF       FARG_Button_port, 0
0x0150	0x0084      	MOVWF      FSR
0x0151	0x0870      	MOVF       R0, 0
0x0152	0x0500      	ANDWF      INDF, 0
0x0153	0x00F1      	MOVWF      R1
0x0154	0x0871      	MOVF       R1, 0
0x0155	0x3001      	MOVLW      1
0x0156	0x1D03      	BTFSS      STATUS, 2
0x0157	0x3000      	MOVLW      0
0x0158	0x00F0      	MOVWF      R0
0x0159	0x0861      	MOVF       FARG_Button_active_state, 0
0x015A	0x06F0      	XORWF      R0, 1
0x015B	0x1903      	BTFSC      STATUS, 2
0x015C	0x2976      	GOTO       L_Button0
;__Lib_Button.c,15 :: 		
L_Button1:
0x015D	0x0860      	MOVF       FARG_Button_time_ms, 0
0x015E	0x3C00      	SUBLW      0
0x015F	0x1803      	BTFSC      STATUS, 0
0x0160	0x2966      	GOTO       L_Button2
;__Lib_Button.c,16 :: 		
0x0161	0x20C4      	CALL       _Delay_500us
;__Lib_Button.c,17 :: 		
0x0162	0x20C4      	CALL       _Delay_500us
;__Lib_Button.c,18 :: 		
0x0163	0x1683      	BSF        STATUS, 5
0x0164	0x03E0      	DECF       FARG_Button_time_ms, 1
;__Lib_Button.c,19 :: 		
0x0165	0x295D      	GOTO       L_Button1
L_Button2:
;__Lib_Button.c,21 :: 		
0x0166	0x085E      	MOVF       FARG_Button_port, 0
0x0167	0x0084      	MOVWF      FSR
0x0168	0x0862      	MOVF       Button_pMask_L0, 0
0x0169	0x0500      	ANDWF      INDF, 0
0x016A	0x00F1      	MOVWF      R1
0x016B	0x0871      	MOVF       R1, 0
0x016C	0x3001      	MOVLW      1
0x016D	0x1D03      	BTFSS      STATUS, 2
0x016E	0x3000      	MOVLW      0
0x016F	0x00F0      	MOVWF      R0
0x0170	0x0861      	MOVF       FARG_Button_active_state, 0
0x0171	0x06F0      	XORWF      R0, 1
0x0172	0x1903      	BTFSC      STATUS, 2
0x0173	0x2976      	GOTO       L_Button3
;__Lib_Button.c,22 :: 		
0x0174	0x30FF      	MOVLW      255
0x0175	0x00E3      	MOVWF      Button_rslt_L0
L_Button3:
;__Lib_Button.c,23 :: 		
L_Button0:
;__Lib_Button.c,25 :: 		
0x0176	0x0863      	MOVF       Button_rslt_L0, 0
0x0177	0x00F0      	MOVWF      R0
;__Lib_Button.c,26 :: 		
L_end_Button:
0x0178	0x0008      	RETURN
; end of _Button
_main:
0x0179	0x22E0      	CALL       736
;sequencParAcendLed.c,23 :: 		main(){
;sequencParAcendLed.c,30 :: 		b1 = BUTTON(&PORTD, 5, 20, 0);
0x017A	0x3008      	MOVLW      PORTD
0x017B	0x1683      	BSF        STATUS, 5
0x017C	0x1303      	BCF        STATUS, 6
0x017D	0x00DE      	MOVWF      FARG_Button_port
0x017E	0x3005      	MOVLW      5
0x017F	0x00DF      	MOVWF      FARG_Button_pin
0x0180	0x3014      	MOVLW      20
0x0181	0x00E0      	MOVWF      FARG_Button_time_ms
0x0182	0x01E1      	CLRF       FARG_Button_active_state
0x0183	0x213F      	CALL       _Button
;sequencParAcendLed.c,31 :: 		b2 = BUTTON(&PORTD, 1, 20, 0);
0x0184	0x3008      	MOVLW      PORTD
0x0185	0x00DE      	MOVWF      FARG_Button_port
0x0186	0x3001      	MOVLW      1
0x0187	0x00DF      	MOVWF      FARG_Button_pin
0x0188	0x3014      	MOVLW      20
0x0189	0x00E0      	MOVWF      FARG_Button_time_ms
0x018A	0x01E1      	CLRF       FARG_Button_active_state
0x018B	0x213F      	CALL       _Button
;sequencParAcendLed.c,32 :: 		b3 = BUTTON(&PORTD, 2, 20, 0);
0x018C	0x3008      	MOVLW      PORTD
0x018D	0x00DE      	MOVWF      FARG_Button_port
0x018E	0x3002      	MOVLW      2
0x018F	0x00DF      	MOVWF      FARG_Button_pin
0x0190	0x3014      	MOVLW      20
0x0191	0x00E0      	MOVWF      FARG_Button_time_ms
0x0192	0x01E1      	CLRF       FARG_Button_active_state
0x0193	0x213F      	CALL       _Button
;sequencParAcendLed.c,33 :: 		b4 = BUTTON(&PORTD, 3, 20, 0);
0x0194	0x3008      	MOVLW      PORTD
0x0195	0x00DE      	MOVWF      FARG_Button_port
0x0196	0x3003      	MOVLW      3
0x0197	0x00DF      	MOVWF      FARG_Button_pin
0x0198	0x3014      	MOVLW      20
0x0199	0x00E0      	MOVWF      FARG_Button_time_ms
0x019A	0x01E1      	CLRF       FARG_Button_active_state
0x019B	0x213F      	CALL       _Button
;sequencParAcendLed.c,35 :: 		TRISD = 1;
0x019C	0x3001      	MOVLW      1
0x019D	0x0088      	MOVWF      TRISD
;sequencParAcendLed.c,36 :: 		TRISC.F0 = 0;
0x019E	0x1007      	BCF        TRISC, 0
;sequencParAcendLed.c,39 :: 		Lcd_Init();
0x019F	0x20DB      	CALL       _Lcd_Init
;sequencParAcendLed.c,40 :: 		Lcd_Cmd(_LCD_CURSOR_OFF);
0x01A0	0x300C      	MOVLW      12
0x01A1	0x1683      	BSF        STATUS, 5
0x01A2	0x00E9      	MOVWF      FARG_Lcd_Cmd_out_char
0x01A3	0x201A      	CALL       _Lcd_Cmd
;sequencParAcendLed.c,41 :: 		led1 = 0;
0x01A4	0x1007      	BCF        PORTC, 0
;sequencParAcendLed.c,44 :: 		for(;;){
L_main0:
;sequencParAcendLed.c,46 :: 		Lcd_Out( 1, 6, "DIGITE     ");
0x01A5	0x3001      	MOVLW      1
0x01A6	0x1683      	BSF        STATUS, 5
0x01A7	0x00E4      	MOVWF      FARG_Lcd_Out_row
0x01A8	0x3006      	MOVLW      6
0x01A9	0x00E5      	MOVWF      FARG_Lcd_Out_column
0x01AA	0x3063      	MOVLW      ?lstr1_sequencParAcendLed
0x01AB	0x00E6      	MOVWF      FARG_Lcd_Out_text
0x01AC	0x2081      	CALL       _Lcd_Out
;sequencParAcendLed.c,47 :: 		Lcd_Out( 2, 9, "A");
0x01AD	0x3002      	MOVLW      2
0x01AE	0x1683      	BSF        STATUS, 5
0x01AF	0x00E4      	MOVWF      FARG_Lcd_Out_row
0x01B0	0x3009      	MOVLW      9
0x01B1	0x00E5      	MOVWF      FARG_Lcd_Out_column
0x01B2	0x30C6      	MOVLW      ?lstr2_sequencParAcendLed
0x01B3	0x00E6      	MOVWF      FARG_Lcd_Out_text
0x01B4	0x2081      	CALL       _Lcd_Out
;sequencParAcendLed.c,48 :: 		delay_ms(1000);
0x01B5	0x300B      	MOVLW      11
0x01B6	0x00FB      	MOVWF      R11
0x01B7	0x3026      	MOVLW      38
0x01B8	0x00FC      	MOVWF      R12
0x01B9	0x305D      	MOVLW      93
0x01BA	0x00FD      	MOVWF      R13
L_main3:
0x01BB	0x0BFD      	DECFSZ     R13, 1
0x01BC	0x29BB      	GOTO       L_main3
0x01BD	0x0BFC      	DECFSZ     R12, 1
0x01BE	0x29BB      	GOTO       L_main3
0x01BF	0x0BFB      	DECFSZ     R11, 1
0x01C0	0x29BB      	GOTO       L_main3
0x01C1	0x0000      	NOP
0x01C2	0x0000      	NOP
;sequencParAcendLed.c,49 :: 		Lcd_Out( 2, 4, "sequencia");
0x01C3	0x3002      	MOVLW      2
0x01C4	0x1683      	BSF        STATUS, 5
0x01C5	0x00E4      	MOVWF      FARG_Lcd_Out_row
0x01C6	0x3004      	MOVLW      4
0x01C7	0x00E5      	MOVWF      FARG_Lcd_Out_column
0x01C8	0x30D2      	MOVLW      ?lstr3_sequencParAcendLed
0x01C9	0x00E6      	MOVWF      FARG_Lcd_Out_text
0x01CA	0x2081      	CALL       _Lcd_Out
;sequencParAcendLed.c,50 :: 		limparLinha1();
0x01CB	0x20D1      	CALL       _limparLinha1
;sequencParAcendLed.c,51 :: 		delay_ms(1000);
0x01CC	0x300B      	MOVLW      11
0x01CD	0x00FB      	MOVWF      R11
0x01CE	0x3026      	MOVLW      38
0x01CF	0x00FC      	MOVWF      R12
0x01D0	0x305D      	MOVLW      93
0x01D1	0x00FD      	MOVWF      R13
L_main4:
0x01D2	0x0BFD      	DECFSZ     R13, 1
0x01D3	0x29D2      	GOTO       L_main4
0x01D4	0x0BFC      	DECFSZ     R12, 1
0x01D5	0x29D2      	GOTO       L_main4
0x01D6	0x0BFB      	DECFSZ     R11, 1
0x01D7	0x29D2      	GOTO       L_main4
0x01D8	0x0000      	NOP
0x01D9	0x0000      	NOP
;sequencParAcendLed.c,52 :: 		Lcd_Out( 1, 4, "correta  ");
0x01DA	0x3001      	MOVLW      1
0x01DB	0x1683      	BSF        STATUS, 5
0x01DC	0x00E4      	MOVWF      FARG_Lcd_Out_row
0x01DD	0x3004      	MOVLW      4
0x01DE	0x00E5      	MOVWF      FARG_Lcd_Out_column
0x01DF	0x30C8      	MOVLW      ?lstr4_sequencParAcendLed
0x01E0	0x00E6      	MOVWF      FARG_Lcd_Out_text
0x01E1	0x2081      	CALL       _Lcd_Out
;sequencParAcendLed.c,53 :: 		limparLinha2();
0x01E2	0x2129      	CALL       _limparLinha2
;sequencParAcendLed.c,54 :: 		delay_ms(1000);
0x01E3	0x300B      	MOVLW      11
0x01E4	0x00FB      	MOVWF      R11
0x01E5	0x3026      	MOVLW      38
0x01E6	0x00FC      	MOVWF      R12
0x01E7	0x305D      	MOVLW      93
0x01E8	0x00FD      	MOVWF      R13
L_main5:
0x01E9	0x0BFD      	DECFSZ     R13, 1
0x01EA	0x29E9      	GOTO       L_main5
0x01EB	0x0BFC      	DECFSZ     R12, 1
0x01EC	0x29E9      	GOTO       L_main5
0x01ED	0x0BFB      	DECFSZ     R11, 1
0x01EE	0x29E9      	GOTO       L_main5
0x01EF	0x0000      	NOP
0x01F0	0x0000      	NOP
;sequencParAcendLed.c,55 :: 		Lcd_Out( 2, 6, "  para   ");
0x01F1	0x3002      	MOVLW      2
0x01F2	0x1683      	BSF        STATUS, 5
0x01F3	0x00E4      	MOVWF      FARG_Lcd_Out_row
0x01F4	0x3006      	MOVLW      6
0x01F5	0x00E5      	MOVWF      FARG_Lcd_Out_column
0x01F6	0x304D      	MOVLW      ?lstr5_sequencParAcendLed
0x01F7	0x00E6      	MOVWF      FARG_Lcd_Out_text
0x01F8	0x2081      	CALL       _Lcd_Out
;sequencParAcendLed.c,56 :: 		limparLinha1();
0x01F9	0x20D1      	CALL       _limparLinha1
;sequencParAcendLed.c,57 :: 		delay_ms(1000);
0x01FA	0x300B      	MOVLW      11
0x01FB	0x00FB      	MOVWF      R11
0x01FC	0x3026      	MOVLW      38
0x01FD	0x00FC      	MOVWF      R12
0x01FE	0x305D      	MOVLW      93
0x01FF	0x00FD      	MOVWF      R13
L_main6:
0x0200	0x0BFD      	DECFSZ     R13, 1
0x0201	0x2A00      	GOTO       L_main6
0x0202	0x0BFC      	DECFSZ     R12, 1
0x0203	0x2A00      	GOTO       L_main6
0x0204	0x0BFB      	DECFSZ     R11, 1
0x0205	0x2A00      	GOTO       L_main6
0x0206	0x0000      	NOP
0x0207	0x0000      	NOP
;sequencParAcendLed.c,58 :: 		Lcd_Out( 1, 5, "acender");;
0x0208	0x3001      	MOVLW      1
0x0209	0x1683      	BSF        STATUS, 5
0x020A	0x00E4      	MOVWF      FARG_Lcd_Out_row
0x020B	0x3005      	MOVLW      5
0x020C	0x00E5      	MOVWF      FARG_Lcd_Out_column
0x020D	0x3045      	MOVLW      ?lstr6_sequencParAcendLed
0x020E	0x00E6      	MOVWF      FARG_Lcd_Out_text
0x020F	0x2081      	CALL       _Lcd_Out
;sequencParAcendLed.c,59 :: 		limparLinha2();
0x0210	0x2129      	CALL       _limparLinha2
;sequencParAcendLed.c,60 :: 		delay_ms(1000);
0x0211	0x300B      	MOVLW      11
0x0212	0x00FB      	MOVWF      R11
0x0213	0x3026      	MOVLW      38
0x0214	0x00FC      	MOVWF      R12
0x0215	0x305D      	MOVLW      93
0x0216	0x00FD      	MOVWF      R13
L_main7:
0x0217	0x0BFD      	DECFSZ     R13, 1
0x0218	0x2A17      	GOTO       L_main7
0x0219	0x0BFC      	DECFSZ     R12, 1
0x021A	0x2A17      	GOTO       L_main7
0x021B	0x0BFB      	DECFSZ     R11, 1
0x021C	0x2A17      	GOTO       L_main7
0x021D	0x0000      	NOP
0x021E	0x0000      	NOP
;sequencParAcendLed.c,61 :: 		Lcd_Out( 2, 9, "o   ");
0x021F	0x3002      	MOVLW      2
0x0220	0x1683      	BSF        STATUS, 5
0x0221	0x00E4      	MOVWF      FARG_Lcd_Out_row
0x0222	0x3009      	MOVLW      9
0x0223	0x00E5      	MOVWF      FARG_Lcd_Out_column
0x0224	0x3057      	MOVLW      ?lstr7_sequencParAcendLed
0x0225	0x00E6      	MOVWF      FARG_Lcd_Out_text
0x0226	0x2081      	CALL       _Lcd_Out
;sequencParAcendLed.c,62 :: 		limparLinha1();
0x0227	0x20D1      	CALL       _limparLinha1
;sequencParAcendLed.c,63 :: 		delay_ms(1000);
0x0228	0x300B      	MOVLW      11
0x0229	0x00FB      	MOVWF      R11
0x022A	0x3026      	MOVLW      38
0x022B	0x00FC      	MOVWF      R12
0x022C	0x305D      	MOVLW      93
0x022D	0x00FD      	MOVWF      R13
L_main8:
0x022E	0x0BFD      	DECFSZ     R13, 1
0x022F	0x2A2E      	GOTO       L_main8
0x0230	0x0BFC      	DECFSZ     R12, 1
0x0231	0x2A2E      	GOTO       L_main8
0x0232	0x0BFB      	DECFSZ     R11, 1
0x0233	0x2A2E      	GOTO       L_main8
0x0234	0x0000      	NOP
0x0235	0x0000      	NOP
;sequencParAcendLed.c,64 :: 		Lcd_Out( 1, 6, "led   ");
0x0236	0x3001      	MOVLW      1
0x0237	0x1683      	BSF        STATUS, 5
0x0238	0x00E4      	MOVWF      FARG_Lcd_Out_row
0x0239	0x3006      	MOVLW      6
0x023A	0x00E5      	MOVWF      FARG_Lcd_Out_column
0x023B	0x305C      	MOVLW      ?lstr8_sequencParAcendLed
0x023C	0x00E6      	MOVWF      FARG_Lcd_Out_text
0x023D	0x2081      	CALL       _Lcd_Out
;sequencParAcendLed.c,65 :: 		limparLinha2();
0x023E	0x2129      	CALL       _limparLinha2
;sequencParAcendLed.c,66 :: 		delay_ms(1000);
0x023F	0x300B      	MOVLW      11
0x0240	0x00FB      	MOVWF      R11
0x0241	0x3026      	MOVLW      38
0x0242	0x00FC      	MOVWF      R12
0x0243	0x305D      	MOVLW      93
0x0244	0x00FD      	MOVWF      R13
L_main9:
0x0245	0x0BFD      	DECFSZ     R13, 1
0x0246	0x2A45      	GOTO       L_main9
0x0247	0x0BFC      	DECFSZ     R12, 1
0x0248	0x2A45      	GOTO       L_main9
0x0249	0x0BFB      	DECFSZ     R11, 1
0x024A	0x2A45      	GOTO       L_main9
0x024B	0x0000      	NOP
0x024C	0x0000      	NOP
;sequencParAcendLed.c,67 :: 		}
0x024D	0x29A5      	GOTO       L_main0
;sequencParAcendLed.c,68 :: 		}
L_end_main:
0x024E	0x2A4E      	GOTO       $+0
; end of _main
0x02E0	0x3020      	MOVLW      32
0x02E1	0x0084      	MOVWF      FSR
0x02E2	0x304F      	MOVLW      79
0x02E3	0x1283      	BCF        STATUS, 5
0x02E4	0x1303      	BCF        STATUS, 6
0x02E5	0x00F0      	MOVWF      R0
0x02E6	0x3054      	MOVLW      84
0x02E7	0x1683      	BSF        STATUS, 5
0x02E8	0x00DC      	MOVWF      ___DoICPAddr
0x02E9	0x3002      	MOVLW      2
0x02EA	0x00DD      	MOVWF      221
0x02EB	0x2133      	CALL       307
0x02EC	0x30A0      	MOVLW      160
0x02ED	0x0084      	MOVWF      FSR
0x02EE	0x303C      	MOVLW      60
0x02EF	0x1283      	BCF        STATUS, 5
0x02F0	0x1303      	BCF        STATUS, 6
0x02F1	0x00F0      	MOVWF      R0
0x02F2	0x30A3      	MOVLW      163
0x02F3	0x1683      	BSF        STATUS, 5
0x02F4	0x00DC      	MOVWF      ___DoICPAddr
0x02F5	0x3002      	MOVLW      2
0x02F6	0x00DD      	MOVWF      221
0x02F7	0x2133      	CALL       307
0x02F8	0x0008      	RETURN
;sequencParAcendLed.c,0 :: ?ICS?lstr9_sequencParAcendLed
0x0254	0x3420 ;?ICS?lstr9_sequencParAcendLed+0
0x0255	0x3420 ;?ICS?lstr9_sequencParAcendLed+1
0x0256	0x3420 ;?ICS?lstr9_sequencParAcendLed+2
0x0257	0x3420 ;?ICS?lstr9_sequencParAcendLed+3
0x0258	0x3420 ;?ICS?lstr9_sequencParAcendLed+4
0x0259	0x3420 ;?ICS?lstr9_sequencParAcendLed+5
0x025A	0x3420 ;?ICS?lstr9_sequencParAcendLed+6
0x025B	0x3420 ;?ICS?lstr9_sequencParAcendLed+7
0x025C	0x3420 ;?ICS?lstr9_sequencParAcendLed+8
0x025D	0x3420 ;?ICS?lstr9_sequencParAcendLed+9
0x025E	0x3420 ;?ICS?lstr9_sequencParAcendLed+10
0x025F	0x3420 ;?ICS?lstr9_sequencParAcendLed+11
0x0260	0x3420 ;?ICS?lstr9_sequencParAcendLed+12
0x0261	0x3420 ;?ICS?lstr9_sequencParAcendLed+13
0x0262	0x3420 ;?ICS?lstr9_sequencParAcendLed+14
0x0263	0x3420 ;?ICS?lstr9_sequencParAcendLed+15
0x0264	0x3420 ;?ICS?lstr9_sequencParAcendLed+16
0x0265	0x3420 ;?ICS?lstr9_sequencParAcendLed+17
0x0266	0x3420 ;?ICS?lstr9_sequencParAcendLed+18
0x0267	0x3420 ;?ICS?lstr9_sequencParAcendLed+19
0x0268	0x3420 ;?ICS?lstr9_sequencParAcendLed+20
0x0269	0x3420 ;?ICS?lstr9_sequencParAcendLed+21
0x026A	0x3420 ;?ICS?lstr9_sequencParAcendLed+22
0x026B	0x3420 ;?ICS?lstr9_sequencParAcendLed+23
0x026C	0x3420 ;?ICS?lstr9_sequencParAcendLed+24
0x026D	0x3420 ;?ICS?lstr9_sequencParAcendLed+25
0x026E	0x3420 ;?ICS?lstr9_sequencParAcendLed+26
0x026F	0x3420 ;?ICS?lstr9_sequencParAcendLed+27
0x0270	0x3420 ;?ICS?lstr9_sequencParAcendLed+28
0x0271	0x3420 ;?ICS?lstr9_sequencParAcendLed+29
0x0272	0x3420 ;?ICS?lstr9_sequencParAcendLed+30
0x0273	0x3420 ;?ICS?lstr9_sequencParAcendLed+31
0x0274	0x3420 ;?ICS?lstr9_sequencParAcendLed+32
0x0275	0x3420 ;?ICS?lstr9_sequencParAcendLed+33
0x0276	0x3420 ;?ICS?lstr9_sequencParAcendLed+34
0x0277	0x3420 ;?ICS?lstr9_sequencParAcendLed+35
0x0278	0x3400 ;?ICS?lstr9_sequencParAcendLed+36
; end of ?ICS?lstr9_sequencParAcendLed
;sequencParAcendLed.c,0 :: ?ICS?lstr6_sequencParAcendLed
0x0279	0x3461 ;?ICS?lstr6_sequencParAcendLed+0
0x027A	0x3463 ;?ICS?lstr6_sequencParAcendLed+1
0x027B	0x3465 ;?ICS?lstr6_sequencParAcendLed+2
0x027C	0x346E ;?ICS?lstr6_sequencParAcendLed+3
0x027D	0x3464 ;?ICS?lstr6_sequencParAcendLed+4
0x027E	0x3465 ;?ICS?lstr6_sequencParAcendLed+5
0x027F	0x3472 ;?ICS?lstr6_sequencParAcendLed+6
0x0280	0x3400 ;?ICS?lstr6_sequencParAcendLed+7
; end of ?ICS?lstr6_sequencParAcendLed
;sequencParAcendLed.c,0 :: ?ICS?lstr5_sequencParAcendLed
0x0281	0x3420 ;?ICS?lstr5_sequencParAcendLed+0
0x0282	0x3420 ;?ICS?lstr5_sequencParAcendLed+1
0x0283	0x3470 ;?ICS?lstr5_sequencParAcendLed+2
0x0284	0x3461 ;?ICS?lstr5_sequencParAcendLed+3
0x0285	0x3472 ;?ICS?lstr5_sequencParAcendLed+4
0x0286	0x3461 ;?ICS?lstr5_sequencParAcendLed+5
0x0287	0x3420 ;?ICS?lstr5_sequencParAcendLed+6
0x0288	0x3420 ;?ICS?lstr5_sequencParAcendLed+7
0x0289	0x3420 ;?ICS?lstr5_sequencParAcendLed+8
0x028A	0x3400 ;?ICS?lstr5_sequencParAcendLed+9
; end of ?ICS?lstr5_sequencParAcendLed
;sequencParAcendLed.c,0 :: ?ICS?lstr7_sequencParAcendLed
0x028B	0x346F ;?ICS?lstr7_sequencParAcendLed+0
0x028C	0x3420 ;?ICS?lstr7_sequencParAcendLed+1
0x028D	0x3420 ;?ICS?lstr7_sequencParAcendLed+2
0x028E	0x3420 ;?ICS?lstr7_sequencParAcendLed+3
0x028F	0x3400 ;?ICS?lstr7_sequencParAcendLed+4
; end of ?ICS?lstr7_sequencParAcendLed
;sequencParAcendLed.c,0 :: ?ICS?lstr8_sequencParAcendLed
0x0290	0x346C ;?ICS?lstr8_sequencParAcendLed+0
0x0291	0x3465 ;?ICS?lstr8_sequencParAcendLed+1
0x0292	0x3464 ;?ICS?lstr8_sequencParAcendLed+2
0x0293	0x3420 ;?ICS?lstr8_sequencParAcendLed+3
0x0294	0x3420 ;?ICS?lstr8_sequencParAcendLed+4
0x0295	0x3420 ;?ICS?lstr8_sequencParAcendLed+5
0x0296	0x3400 ;?ICS?lstr8_sequencParAcendLed+6
; end of ?ICS?lstr8_sequencParAcendLed
;sequencParAcendLed.c,0 :: ?ICS?lstr1_sequencParAcendLed
0x0297	0x3444 ;?ICS?lstr1_sequencParAcendLed+0
0x0298	0x3449 ;?ICS?lstr1_sequencParAcendLed+1
0x0299	0x3447 ;?ICS?lstr1_sequencParAcendLed+2
0x029A	0x3449 ;?ICS?lstr1_sequencParAcendLed+3
0x029B	0x3454 ;?ICS?lstr1_sequencParAcendLed+4
0x029C	0x3445 ;?ICS?lstr1_sequencParAcendLed+5
0x029D	0x3420 ;?ICS?lstr1_sequencParAcendLed+6
0x029E	0x3420 ;?ICS?lstr1_sequencParAcendLed+7
0x029F	0x3420 ;?ICS?lstr1_sequencParAcendLed+8
0x02A0	0x3420 ;?ICS?lstr1_sequencParAcendLed+9
0x02A1	0x3420 ;?ICS?lstr1_sequencParAcendLed+10
0x02A2	0x3400 ;?ICS?lstr1_sequencParAcendLed+11
; end of ?ICS?lstr1_sequencParAcendLed
;sequencParAcendLed.c,0 :: ?ICS?lstr10_sequencParAcendLed
0x02A3	0x3420 ;?ICS?lstr10_sequencParAcendLed+0
0x02A4	0x3420 ;?ICS?lstr10_sequencParAcendLed+1
0x02A5	0x3420 ;?ICS?lstr10_sequencParAcendLed+2
0x02A6	0x3420 ;?ICS?lstr10_sequencParAcendLed+3
0x02A7	0x3420 ;?ICS?lstr10_sequencParAcendLed+4
0x02A8	0x3420 ;?ICS?lstr10_sequencParAcendLed+5
0x02A9	0x3420 ;?ICS?lstr10_sequencParAcendLed+6
0x02AA	0x3420 ;?ICS?lstr10_sequencParAcendLed+7
0x02AB	0x3420 ;?ICS?lstr10_sequencParAcendLed+8
0x02AC	0x3420 ;?ICS?lstr10_sequencParAcendLed+9
0x02AD	0x3420 ;?ICS?lstr10_sequencParAcendLed+10
0x02AE	0x3420 ;?ICS?lstr10_sequencParAcendLed+11
0x02AF	0x3420 ;?ICS?lstr10_sequencParAcendLed+12
0x02B0	0x3420 ;?ICS?lstr10_sequencParAcendLed+13
0x02B1	0x3420 ;?ICS?lstr10_sequencParAcendLed+14
0x02B2	0x3420 ;?ICS?lstr10_sequencParAcendLed+15
0x02B3	0x3420 ;?ICS?lstr10_sequencParAcendLed+16
0x02B4	0x3420 ;?ICS?lstr10_sequencParAcendLed+17
0x02B5	0x3420 ;?ICS?lstr10_sequencParAcendLed+18
0x02B6	0x3420 ;?ICS?lstr10_sequencParAcendLed+19
0x02B7	0x3420 ;?ICS?lstr10_sequencParAcendLed+20
0x02B8	0x3420 ;?ICS?lstr10_sequencParAcendLed+21
0x02B9	0x3420 ;?ICS?lstr10_sequencParAcendLed+22
0x02BA	0x3420 ;?ICS?lstr10_sequencParAcendLed+23
0x02BB	0x3420 ;?ICS?lstr10_sequencParAcendLed+24
0x02BC	0x3420 ;?ICS?lstr10_sequencParAcendLed+25
0x02BD	0x3420 ;?ICS?lstr10_sequencParAcendLed+26
0x02BE	0x3420 ;?ICS?lstr10_sequencParAcendLed+27
0x02BF	0x3420 ;?ICS?lstr10_sequencParAcendLed+28
0x02C0	0x3420 ;?ICS?lstr10_sequencParAcendLed+29
0x02C1	0x3420 ;?ICS?lstr10_sequencParAcendLed+30
0x02C2	0x3420 ;?ICS?lstr10_sequencParAcendLed+31
0x02C3	0x3420 ;?ICS?lstr10_sequencParAcendLed+32
0x02C4	0x3420 ;?ICS?lstr10_sequencParAcendLed+33
0x02C5	0x3420 ;?ICS?lstr10_sequencParAcendLed+34
0x02C6	0x3420 ;?ICS?lstr10_sequencParAcendLed+35
0x02C7	0x3420 ;?ICS?lstr10_sequencParAcendLed+36
0x02C8	0x3400 ;?ICS?lstr10_sequencParAcendLed+37
; end of ?ICS?lstr10_sequencParAcendLed
;sequencParAcendLed.c,0 :: ?ICS?lstr2_sequencParAcendLed
0x02C9	0x3441 ;?ICS?lstr2_sequencParAcendLed+0
0x02CA	0x3400 ;?ICS?lstr2_sequencParAcendLed+1
; end of ?ICS?lstr2_sequencParAcendLed
;sequencParAcendLed.c,0 :: ?ICS?lstr4_sequencParAcendLed
0x02CB	0x3463 ;?ICS?lstr4_sequencParAcendLed+0
0x02CC	0x346F ;?ICS?lstr4_sequencParAcendLed+1
0x02CD	0x3472 ;?ICS?lstr4_sequencParAcendLed+2
0x02CE	0x3472 ;?ICS?lstr4_sequencParAcendLed+3
0x02CF	0x3465 ;?ICS?lstr4_sequencParAcendLed+4
0x02D0	0x3474 ;?ICS?lstr4_sequencParAcendLed+5
0x02D1	0x3461 ;?ICS?lstr4_sequencParAcendLed+6
0x02D2	0x3420 ;?ICS?lstr4_sequencParAcendLed+7
0x02D3	0x3420 ;?ICS?lstr4_sequencParAcendLed+8
0x02D4	0x3400 ;?ICS?lstr4_sequencParAcendLed+9
; end of ?ICS?lstr4_sequencParAcendLed
;sequencParAcendLed.c,0 :: ?ICS?lstr3_sequencParAcendLed
0x02D5	0x3473 ;?ICS?lstr3_sequencParAcendLed+0
0x02D6	0x3465 ;?ICS?lstr3_sequencParAcendLed+1
0x02D7	0x3471 ;?ICS?lstr3_sequencParAcendLed+2
0x02D8	0x3475 ;?ICS?lstr3_sequencParAcendLed+3
0x02D9	0x3465 ;?ICS?lstr3_sequencParAcendLed+4
0x02DA	0x346E ;?ICS?lstr3_sequencParAcendLed+5
0x02DB	0x3463 ;?ICS?lstr3_sequencParAcendLed+6
0x02DC	0x3469 ;?ICS?lstr3_sequencParAcendLed+7
0x02DD	0x3461 ;?ICS?lstr3_sequencParAcendLed+8
0x02DE	0x3400 ;?ICS?lstr3_sequencParAcendLed+9
; end of ?ICS?lstr3_sequencParAcendLed
Symbol List:
//** Routines locations **
//ADDRESS    SIZE    PROCEDURE
//----------------------------------------------
0x0003       [7]    _Delay_50us
0x000A       [3]    _Delay_1us
0x000D      [13]    _Delay_5500us
0x001A      [87]    _Lcd_Cmd
0x0071       [9]    _Lcd_Chr_CP
0x007A       [7]    _____DoICP
0x0081      [67]    _Lcd_Out
0x00C4      [13]    _Delay_500us
0x00D1      [10]    _limparLinha1
0x00DB      [78]    _Lcd_Init
0x0129      [10]    _limparLinha2
0x0133      [12]    ___CC2DW
0x013F      [58]    _Button
0x0179     [213]    _main
//** Variables locations ** 
//ADDRESS    SIZE    VARIABLE
//----------------------------------------------
0x0000       [1]    INDF
0x0002       [1]    PCL
0x0003       [1]    STATUS
0x0004       [1]    FSR
0x0006       [0]    RB6_bit
0x0006       [0]    LCD_D7
0x0006       [0]    LCD_D6
0x0006       [0]    LCD_D5
0x0006       [0]    LCD_RS
0x0006       [0]    LCD_EN
0x0006       [0]    LCD_D4
0x0006       [0]    RB3_bit
0x0006       [0]    RB4_bit
0x0006       [0]    RB5_bit
0x0006       [0]    RB0_bit
0x0006       [0]    RB2_bit
0x0007       [1]    PORTC
0x0008       [1]    PORTD
0x000A       [1]    PCLATH
0x0020      [37]    ?lstr9_sequencParAcendLed
0x0045       [8]    ?lstr6_sequencParAcendLed
0x004D      [10]    ?lstr5_sequencParAcendLed
0x0057       [5]    ?lstr7_sequencParAcendLed
0x005C       [7]    ?lstr8_sequencParAcendLed
0x0063      [12]    ?lstr1_sequencParAcendLed
0x006F       [0]    __Lib_Lcd_cmd_status
0x0070       [1]    R0
0x0071       [1]    R1
0x0072       [1]    R2
0x0073       [1]    R3
0x0074       [1]    R4
0x0075       [1]    R5
0x0076       [1]    R6
0x0077       [1]    R7
0x0078       [1]    R8
0x0079       [1]    R9
0x007A       [1]    R10
0x007B       [1]    R11
0x007C       [1]    R12
0x007D       [1]    R13
0x007E       [1]    R14
0x007F       [1]    R15
0x0086       [0]    LCD_RS_Direction
0x0086       [0]    LCD_EN_Direction
0x0086       [0]    LCD_D7_Direction
0x0086       [0]    TRISB4_bit
0x0086       [0]    TRISB2_bit
0x0086       [0]    TRISB3_bit
0x0086       [0]    TRISB6_bit
0x0086       [0]    TRISB5_bit
0x0086       [0]    LCD_D6_Direction
0x0086       [0]    LCD_D5_Direction
0x0086       [0]    LCD_D4_Direction
0x0086       [0]    TRISB0_bit
0x0087       [1]    TRISC
0x0088       [1]    TRISD
0x00A0      [38]    ?lstr10_sequencParAcendLed
0x00C6       [2]    ?lstr2_sequencParAcendLed
0x00C8      [10]    ?lstr4_sequencParAcendLed
0x00D2      [10]    ?lstr3_sequencParAcendLed
0x00DC       [2]    ___DoICPAddr
0x00DE       [1]    FARG_Button_port
0x00DF       [1]    FARG_Button_pin
0x00E0       [1]    FARG_Button_time_ms
0x00E1       [1]    FARG_Button_active_state
0x00E2       [1]    Button_pMask_L0
0x00E3       [1]    Button_rslt_L0
0x00E4       [1]    FARG_Lcd_Out_row
0x00E5       [1]    FARG_Lcd_Out_column
0x00E6       [1]    FARG_Lcd_Out_text
0x00E7       [1]    Lcd_Out_i_L0
0x00E8       [1]    FARG_Lcd_Chr_CP_out_char
0x00E9       [1]    FARG_Lcd_Cmd_out_char
//** Constants locations ** 
//ADDRESS    SIZE    CONSTANT
//----------------------------------------------
0x0254      [37]    ?ICS?lstr9_sequencParAcendLed
0x0279       [8]    ?ICS?lstr6_sequencParAcendLed
0x0281      [10]    ?ICS?lstr5_sequencParAcendLed
0x028B       [5]    ?ICS?lstr7_sequencParAcendLed
0x0290       [7]    ?ICS?lstr8_sequencParAcendLed
0x0297      [12]    ?ICS?lstr1_sequencParAcendLed
0x02A3      [38]    ?ICS?lstr10_sequencParAcendLed
0x02C9       [2]    ?ICS?lstr2_sequencParAcendLed
0x02CB      [10]    ?ICS?lstr4_sequencParAcendLed
0x02D5      [10]    ?ICS?lstr3_sequencParAcendLed
