0	1	mikroCPIC1618.exe -MSF -DBG -pP16F877A -DL -O11111114 -fo8 -N"C:\Users\Fernandes Caxinda\Documents\GitHub\curso-Microgenio\cursoMicroCForPIC\Projetos\sequencParAcendLed\sequencParAcendLed.mcppi" -SP"C:\mikcro c for pic\mikroC PRO for PIC\Defs\" -SP"C:\mikcro c for pic\mikroC PRO for PIC\Uses\P16\" -SP"C:\Users\Fernandes Caxinda\Documents\GitHub\curso-Microgenio\cursoMicroCForPIC\Projetos\sequencParAcendLed\" -SP"C:\mikcro c for pic\mikroC PRO for PIC\" -IP"C:\mikcro c for pic\mikroC PRO for PIC\Uses\P16\" "sequencParAcendLed.c" "__Lib_Math.mcl" "__Lib_MathDouble.mcl" "__Lib_System.mcl" "__Lib_Delays.mcl" "__Lib_Button.mcl" "__Lib_LcdConsts.mcl" "__Lib_Lcd.mcl"	 
hint: 0	1139	Available RAM: 352 [bytes], Available ROM: 8192 [bytes]	 
diagnostics: 0	122	Compilation Started	sequencParAcendLed.c
hint: 25	1163	Variable 'flagB1' has been declared, but not used	sequencParAcendLed.c
hint: 25	1163	Variable 'flagB2' has been declared, but not used	sequencParAcendLed.c
hint: 25	1163	Variable 'flagB3' has been declared, but not used	sequencParAcendLed.c
hint: 25	1163	Variable 'flagB4' has been declared, but not used	sequencParAcendLed.c
hint: 26	1163	Variable 'i' has been declared, but not used	sequencParAcendLed.c
warning: 68	1503	Result is not defined in function: 'main'	sequencParAcendLed.c
diagnostics: 77	123	Compiled Successfully	sequencParAcendLed.c
hint: 29	1164	Variable 'b1' has been eliminated by optimizer	sequencParAcendLed.c
hint: 29	1164	Variable 'b2' has been eliminated by optimizer	sequencParAcendLed.c
hint: 29	1164	Variable 'b3' has been eliminated by optimizer	sequencParAcendLed.c
hint: 29	1164	Variable 'b4' has been eliminated by optimizer	sequencParAcendLed.c
diagnostics: 0	127	All files Compiled in 94 ms	 
hint: 0	1144	Used RAM (bytes): 153 (43%)  Free RAM (bytes): 199 (57%)	Used RAM (bytes): 153 (43%)  Free RAM (bytes): 199 (57%)
hint: 0	1144	Used ROM (program words): 753 (9%)  Free ROM (program words): 7439 (91%)	Used ROM (program words): 753 (9%)  Free ROM (program words): 7439 (91%)
diagnostics: 0	125	Project Linked Successfully	sequencParAcendLed.mcppi
diagnostics: 0	128	Linked in 31 ms	 
diagnostics: 0	129	Project 'sequencParAcendLed.mcppi' completed: 281 ms	 
diagnostics: 0	103	Finished successfully: 22 set 2026, 18:46:21	sequencParAcendLed.mcppi
