;  LST file generated by mikroListExporter - v.2.0 
; Date/Time: 23/09/2026 10:38:45
;----------------------------------------------

;Address Opcode 	ASM
0x0000	0x2803      	GOTO       3
_main:
;conversorAD.c,5 :: 		void main() {
;conversorAD.c,6 :: 		ADCON0 = 0b00000000;
0x0003	0x1283      	BCF        STATUS, 5
0x0004	0x1303      	BCF        STATUS, 6
0x0005	0x019F      	CLRF       ADCON0
;conversorAD.c,7 :: 		ADCON1 = 0b01001110;
0x0006	0x304E      	MOVLW      78
0x0007	0x1683      	BSF        STATUS, 5
0x0008	0x009F      	MOVWF      ADCON1
;conversorAD.c,9 :: 		TRISC.f0 = 1;
0x0009	0x1407      	BSF        TRISC, 0
;conversorAD.c,10 :: 		TRISC = 0;
0x000A	0x0187      	CLRF       TRISC
;conversorAD.c,11 :: 		TRISD = 0;
0x000B	0x0188      	CLRF       TRISD
;conversorAD.c,13 :: 		PORTC = 0;
0x000C	0x1283      	BCF        STATUS, 5
0x000D	0x0187      	CLRF       PORTC
;conversorAD.c,14 :: 		PORTD = 0;
0x000E	0x0188      	CLRF       PORTD
;conversorAD.c,16 :: 		for(;;){
L_main0:
;conversorAD.c,17 :: 		ADON_bit = 1; //liga o conversor
0x000F	0x141F      	BSF        ADON_bit, BitPos(ADON_bit+0)
;conversorAD.c,18 :: 		delay_us(20);  //espera 2 segundos
0x0010	0x300D      	MOVLW      13
0x0011	0x00FD      	MOVWF      R13
L_main3:
0x0012	0x0BFD      	DECFSZ     R13, 1
0x0013	0x2812      	GOTO       L_main3
;conversorAD.c,19 :: 		GO_NOT_DONE_bit = 1; //inicia conversão
0x0014	0x151F      	BSF        GO_NOT_DONE_bit, BitPos(GO_NOT_DONE_bit+0)
;conversorAD.c,20 :: 		while( GO_NOT_DONE_bit == 1);//enquanto a conversão decorre...
L_main4:
0x0015	0x1D1F      	BTFSS      GO_NOT_DONE_bit, BitPos(GO_NOT_DONE_bit+0)
0x0016	0x2818      	GOTO       L_main5
0x0017	0x2815      	GOTO       L_main4
L_main5:
;conversorAD.c,21 :: 		PORTC = ADRESH;//RECEBE A PARTE ALTA
0x0018	0x081E      	MOVF       ADRESH, 0
0x0019	0x0087      	MOVWF      PORTC
;conversorAD.c,22 :: 		PORTD = ADRESL;//RECEBE A PARTE BAIXA
0x001A	0x1683      	BSF        STATUS, 5
0x001B	0x081E      	MOVF       ADRESL, 0
0x001C	0x1283      	BCF        STATUS, 5
0x001D	0x0088      	MOVWF      PORTD
;conversorAD.c,23 :: 		ADON_bit = 0;// desliga o conversor
0x001E	0x101F      	BCF        ADON_bit, BitPos(ADON_bit+0)
;conversorAD.c,24 :: 		delay_us(20); // espera 2 segundos
0x001F	0x300D      	MOVLW      13
0x0020	0x00FD      	MOVWF      R13
L_main6:
0x0021	0x0BFD      	DECFSZ     R13, 1
0x0022	0x2821      	GOTO       L_main6
;conversorAD.c,26 :: 		}
0x0023	0x280F      	GOTO       L_main0
;conversorAD.c,27 :: 		}
L_end_main:
0x0024	0x2824      	GOTO       $+0
; end of _main
Symbol List:
//** Routines locations **
//ADDRESS    SIZE    PROCEDURE
//----------------------------------------------
0x0003      [34]    _main
//** Variables locations ** 
//ADDRESS    SIZE    VARIABLE
//----------------------------------------------
0x0000       [1]    INDF
0x0003       [1]    STATUS
0x0004       [1]    FSR
0x0007       [1]    PORTC
0x0008       [1]    PORTD
0x000A       [1]    PCLATH
0x001E       [1]    ADRESH
0x001F       [0]    ADON_bit
0x001F       [0]    GO_NOT_DONE_bit
0x001F       [1]    ADCON0
0x0020       [2]    ___DoICPAddr
0x0070       [1]    R0
0x0071       [1]    R1
0x0072       [1]    R2
0x0073       [1]    R3
0x0074       [1]    R4
0x0075       [1]    R5
0x0076       [1]    R6
0x0077       [1]    R7
0x0078       [1]    R8
0x0079       [1]    R9
0x007A       [1]    R10
0x007B       [1]    R11
0x007C       [1]    R12
0x007D       [1]    R13
0x007E       [1]    R14
0x007F       [1]    R15
0x0087       [1]    TRISC
0x0088       [1]    TRISD
0x009E       [1]    ADRESL
0x009F       [1]    ADCON1
